Archive member included because of file (symbol)

c:/program files (x86)/atmel/atmel toolchain/arm gcc/native/4.8.1443/arm-gnu-toolchain/bin/../lib/gcc/arm-none-eabi/4.8.4/armv6-m\libgcc.a(_udivsi3.o)
                              src/ASF/common2/components/memory/sd_mmc/sd_mmc.o (__aeabi_uidiv)
c:/program files (x86)/atmel/atmel toolchain/arm gcc/native/4.8.1443/arm-gnu-toolchain/bin/../lib/gcc/arm-none-eabi/4.8.4/armv6-m\libgcc.a(_divsi3.o)
                              src/ASF/thirdparty/fatfs/fatfs-r0.09/src/ff.o (__aeabi_idiv)
c:/program files (x86)/atmel/atmel toolchain/arm gcc/native/4.8.1443/arm-gnu-toolchain/bin/../lib/gcc/arm-none-eabi/4.8.4/armv6-m\libgcc.a(_dvmd_tls.o)
                              c:/program files (x86)/atmel/atmel toolchain/arm gcc/native/4.8.1443/arm-gnu-toolchain/bin/../lib/gcc/arm-none-eabi/4.8.4/armv6-m\libgcc.a(_udivsi3.o) (__aeabi_idiv0)
c:/program files (x86)/atmel/atmel toolchain/arm gcc/native/4.8.1443/arm-gnu-toolchain/bin/../lib/gcc/arm-none-eabi/4.8.4/armv6-m\libgcc.a(_aeabi_uldivmod.o)
                              src/ASF/common2/components/memory/sd_mmc/sd_mmc.o (__aeabi_uldivmod)
c:/program files (x86)/atmel/atmel toolchain/arm gcc/native/4.8.1443/arm-gnu-toolchain/bin/../lib/gcc/arm-none-eabi/4.8.4/armv6-m\libgcc.a(_muldi3.o)
                              src/ASF/common2/components/memory/sd_mmc/sd_mmc.o (__aeabi_lmul)
c:/program files (x86)/atmel/atmel toolchain/arm gcc/native/4.8.1443/arm-gnu-toolchain/bin/../lib/gcc/arm-none-eabi/4.8.4/armv6-m\libgcc.a(bpabi.o)
                              c:/program files (x86)/atmel/atmel toolchain/arm gcc/native/4.8.1443/arm-gnu-toolchain/bin/../lib/gcc/arm-none-eabi/4.8.4/armv6-m\libgcc.a(_aeabi_uldivmod.o) (__gnu_uldivmod_helper)
c:/program files (x86)/atmel/atmel toolchain/arm gcc/native/4.8.1443/arm-gnu-toolchain/bin/../lib/gcc/arm-none-eabi/4.8.4/armv6-m\libgcc.a(divdf3.o)
                              src/DHT22/DHT22.o (__aeabi_ddiv)
c:/program files (x86)/atmel/atmel toolchain/arm gcc/native/4.8.1443/arm-gnu-toolchain/bin/../lib/gcc/arm-none-eabi/4.8.4/armv6-m\libgcc.a(muldf3.o)
                              src/MAX31856/MAX31856.o (__aeabi_dmul)
c:/program files (x86)/atmel/atmel toolchain/arm gcc/native/4.8.1443/arm-gnu-toolchain/bin/../lib/gcc/arm-none-eabi/4.8.4/armv6-m\libgcc.a(floatunsidf.o)
                              src/MAX31856/MAX31856.o (__aeabi_ui2d)
c:/program files (x86)/atmel/atmel toolchain/arm gcc/native/4.8.1443/arm-gnu-toolchain/bin/../lib/gcc/arm-none-eabi/4.8.4/armv6-m\libgcc.a(_clzsi2.o)
                              c:/program files (x86)/atmel/atmel toolchain/arm gcc/native/4.8.1443/arm-gnu-toolchain/bin/../lib/gcc/arm-none-eabi/4.8.4/armv6-m\libgcc.a(divdf3.o) (__clzsi2)
c:/program files (x86)/atmel/atmel toolchain/arm gcc/native/4.8.1443/arm-gnu-toolchain/bin/../lib/gcc/arm-none-eabi/4.8.4/armv6-m\libgcc.a(_divdi3.o)
                              c:/program files (x86)/atmel/atmel toolchain/arm gcc/native/4.8.1443/arm-gnu-toolchain/bin/../lib/gcc/arm-none-eabi/4.8.4/armv6-m\libgcc.a(bpabi.o) (__divdi3)
c:/program files (x86)/atmel/atmel toolchain/arm gcc/native/4.8.1443/arm-gnu-toolchain/bin/../lib/gcc/arm-none-eabi/4.8.4/armv6-m\libgcc.a(_udivdi3.o)
                              c:/program files (x86)/atmel/atmel toolchain/arm gcc/native/4.8.1443/arm-gnu-toolchain/bin/../lib/gcc/arm-none-eabi/4.8.4/armv6-m\libgcc.a(bpabi.o) (__udivdi3)
c:/program files (x86)/atmel/atmel toolchain/arm gcc/native/4.8.1443/arm-gnu-toolchain/bin/../lib/gcc/arm-none-eabi/4.8.4/../../../../arm-none-eabi/lib/armv6-m\libc_s.a(lib_a-exit.o)
                              c:/program files (x86)/atmel/atmel toolchain/arm gcc/native/4.8.1443/arm-gnu-toolchain/bin/../lib/gcc/arm-none-eabi/4.8.4/../../../../arm-none-eabi/lib/armv6-m/crt0.o (exit)
c:/program files (x86)/atmel/atmel toolchain/arm gcc/native/4.8.1443/arm-gnu-toolchain/bin/../lib/gcc/arm-none-eabi/4.8.4/../../../../arm-none-eabi/lib/armv6-m\libc_s.a(lib_a-impure.o)
                              c:/program files (x86)/atmel/atmel toolchain/arm gcc/native/4.8.1443/arm-gnu-toolchain/bin/../lib/gcc/arm-none-eabi/4.8.4/../../../../arm-none-eabi/lib/armv6-m\libc_s.a(lib_a-exit.o) (_global_impure_ptr)
c:/program files (x86)/atmel/atmel toolchain/arm gcc/native/4.8.1443/arm-gnu-toolchain/bin/../lib/gcc/arm-none-eabi/4.8.4/../../../../arm-none-eabi/lib/armv6-m\libc_s.a(lib_a-init.o)
                              c:/program files (x86)/atmel/atmel toolchain/arm gcc/native/4.8.1443/arm-gnu-toolchain/bin/../lib/gcc/arm-none-eabi/4.8.4/../../../../arm-none-eabi/lib/armv6-m/crt0.o (__libc_init_array)
c:/program files (x86)/atmel/atmel toolchain/arm gcc/native/4.8.1443/arm-gnu-toolchain/bin/../lib/gcc/arm-none-eabi/4.8.4/../../../../arm-none-eabi/lib/armv6-m\libc_s.a(lib_a-memcpy-stub.o)
                              src/ASF/sam0/drivers/adc/adc_sam_d_r/adc.o (memcpy)
[...]
Memory Configuration

Name             Origin             Length             Attributes
rom              0x00000000         0x00040000         xr
ram              0x20000000         0x00008000         xrw
*default*        0x00000000         0xffffffff

Linker script and memory map

LOAD c:/program files (x86)/atmel/atmel toolchain/arm gcc/native/4.8.1443/arm-gnu-toolchain/bin/../lib/gcc/arm-none-eabi/4.8.4/armv6-m/crti.o
LOAD c:/program files (x86)/atmel/atmel toolchain/arm gcc/native/4.8.1443/arm-gnu-toolchain/bin/../lib/gcc/arm-none-eabi/4.8.4/armv6-m/crtbegin.o
LOAD c:/program files (x86)/atmel/atmel toolchain/arm gcc/native/4.8.1443/arm-gnu-toolchain/bin/../lib/gcc/arm-none-eabi/4.8.4/../../../../arm-none-eabi/lib/armv6-m/crt0.o
LOAD src/ASF/common2/components/memory/sd_mmc/sd_mmc.o
LOAD src/ASF/sam0/drivers/adc/adc_sam_d_r/adc.o
LOAD src/ASF/sam0/drivers/extint/extint_sam_d_r/extint.o
LOAD src/ASF/sam0/drivers/tc/tc_interrupt.o
LOAD src/ASF/sam0/drivers/tc/tc_sam_d_r/tc.o
LOAD src/DS1302/DS1302.o
LOAD src/MAX31856/MAX31856.o
LOAD src/SD_FileUtils/SD_FileUtils.o
LOAD src/TimedSleep/TimedSleep.o
LOAD src/ASF/sam0/drivers/rtc/rtc_sam_d_r/rtc_calendar.o
LOAD src/ASF/sam0/drivers/sercom/sercom.o
LOAD src/ASF/thirdparty/fatfs/fatfs-port-r0.09/diskio.o
LOAD src/ASF/thirdparty/fatfs/fatfs-port-r0.09/sam0/fattime_rtc.o
LOAD src/ASF/thirdparty/fatfs/fatfs-r0.09/src/option/ccsbcs.o
LOAD src/Dendro/Dendro.o
LOAD src/DHT22/DHT22.o
LOAD src/ASF/sam0/drivers/wdt/wdt.o
LOAD src/ASF/sam0/drivers/wdt/wdt_callback.o
LOAD src/ASF/sam0/drivers/sercom/spi/spi.o
LOAD src/ASF/sam0/drivers/extint/extint_callback.o
LOAD src/ASF/common2/services/delay/sam0/cycle_counter.o
LOAD src/ASF/common2/components/memory/sd_mmc/sd_mmc_spi.o
LOAD src/ASF/common/services/sleepmgr/samd/sleepmgr.o
LOAD src/ASF/common/services/storage/ctrl_access/ctrl_access.o
LOAD src/ASF/sam0/drivers/port/port.o
LOAD src/ASF/thirdparty/fatfs/fatfs-r0.09/src/ff.o
LOAD src/SDI12/SDI_12.o
LOAD src/ASF/common2/boards/user_board/init.o
LOAD src/ASF/common/utils/interrupt/interrupt_sam_nvic.o
LOAD src/ASF/sam0/drivers/system/clock/clock_samd20/clock.o
LOAD src/ASF/sam0/drivers/system/clock/clock_samd20/gclk.o
LOAD src/ASF/sam0/drivers/system/interrupt/system_interrupt.o
LOAD src/ASF/sam0/drivers/system/pinmux/pinmux.o
LOAD src/ASF/sam0/drivers/system/system.o
LOAD src/ASF/sam0/utils/cmsis/samd20/source/gcc/startup_samd20.o
LOAD src/ASF/sam0/utils/cmsis/samd20/source/system_samd20.o
LOAD src/ASF/sam0/utils/syscalls/gcc/syscalls.o
LOAD src/main.o
START GROUP
LOAD ../src/ASF/thirdparty/CMSIS/Lib/GCC\libarm_cortexM0l_math.a
LOAD c:/program files (x86)/atmel/atmel toolchain/arm gcc/native/4.8.1443/arm-gnu-toolchain/bin/../lib/gcc/arm-none-eabi/4.8.4/../../../../arm-none-eabi/lib/armv6-m\libm.a
END GROUP
START GROUP
LOAD c:/program files (x86)/atmel/atmel toolchain/arm gcc/native/4.8.1443/arm-gnu-toolchain/bin/../lib/gcc/arm-none-eabi/4.8.4/armv6-m\libgcc.a
LOAD c:/program files (x86)/atmel/atmel toolchain/arm gcc/native/4.8.1443/arm-gnu-toolchain/bin/../lib/gcc/arm-none-eabi/4.8.4/../../../../arm-none-eabi/lib/armv6-m\libc_s.a
END GROUP
START GROUP
LOAD c:/program files (x86)/atmel/atmel toolchain/arm gcc/native/4.8.1443/arm-gnu-toolchain/bin/../lib/gcc/arm-none-eabi/4.8.4/armv6-m\libgcc.a
LOAD c:/program files (x86)/atmel/atmel toolchain/arm gcc/native/4.8.1443/arm-gnu-toolchain/bin/../lib/gcc/arm-none-eabi/4.8.4/../../../../arm-none-eabi/lib/armv6-m\libc_s.a
END GROUP
LOAD c:/program files (x86)/atmel/atmel toolchain/arm gcc/native/4.8.1443/arm-gnu-toolchain/bin/../lib/gcc/arm-none-eabi/4.8.4/armv6-m/crtend.o
LOAD c:/program files (x86)/atmel/atmel toolchain/arm gcc/native/4.8.1443/arm-gnu-toolchain/bin/../lib/gcc/arm-none-eabi/4.8.4/armv6-m/crtn.o
                0x00002000                STACK_SIZE = DEFINED (STACK_SIZE)?STACK_SIZE:DEFINED (__stack_size__)?__stack_size__:0x2000

.text           0x00000000     0x4f5c
                0x00000000                . = ALIGN (0x4)
                0x00000000                _sfixed = .
 *(.vectors .vectors.*)
 .vectors       0x00000000       0xa4 src/ASF/sam0/utils/cmsis/samd20/source/gcc/startup_samd20.o
                0x00000000                exception_table
 *(.text .text.* .gnu.linkonce.t.*)
 .text          0x000000a4       0x60 c:/program files (x86)/atmel/atmel toolchain/arm gcc/native/4.8.1443/arm-gnu-toolchain/bin/../lib/gcc/arm-none-eabi/4.8.4/armv6-m/crtbegin.o
 .text.sd_mmc_init
                0x00000104       0x20 src/ASF/common2/components/memory/sd_mmc/sd_mmc.o
                0x00000104                sd_mmc_init
 .text.adc_get_config_defaults
                0x00000124       0x48 src/ASF/sam0/drivers/adc/adc_sam_d_r/adc.o
                0x00000124                adc_get_config_defaults
 .text.adc_init
                0x0000016c      0x438 src/ASF/sam0/drivers/adc/adc_sam_d_r/adc.o
                0x0000016c                adc_init
 .text._extint_enable
                0x000005a4       0x1c src/ASF/sam0/drivers/extint/extint_sam_d_r/extint.o
 .text._system_extint_init
                0x000005c0       0x6c src/ASF/sam0/drivers/extint/extint_sam_d_r/extint.o
                0x000005c0                _system_extint_init
 .text._tc_interrupt_handler
                0x0000062c       0x5c src/ASF/sam0/drivers/tc/tc_interrupt.o
                0x0000062c                _tc_interrupt_handler
 .text.TC0_Handler
                0x00000688       0x10 src/ASF/sam0/drivers/tc/tc_interrupt.o
                0x00000688                TC0_Handler
 .text.TC1_Handler
                0x00000698       0x10 src/ASF/sam0/drivers/tc/tc_interrupt.o
                0x00000698                TC1_Handler
 .text.TC2_Handler
                0x000006a8       0x10 src/ASF/sam0/drivers/tc/tc_interrupt.o
                0x000006a8                TC2_Handler
 .text.TC3_Handler
                0x000006b8       0x10 src/ASF/sam0/drivers/tc/tc_interrupt.o
                0x000006b8                TC3_Handler
 .text.TC4_Handler
                0x000006c8       0x10 src/ASF/sam0/drivers/tc/tc_interrupt.o
                0x000006c8                TC4_Handler
 .text.TC5_Handler
                0x000006d8       0x10 src/ASF/sam0/drivers/tc/tc_interrupt.o
                0x000006d8                TC5_Handler
 .text.TC6_Handler
                0x000006e8       0x10 src/ASF/sam0/drivers/tc/tc_interrupt.o
                0x000006e8                TC6_Handler
 .text.TC7_Handler
                0x000006f8       0x10 src/ASF/sam0/drivers/tc/tc_interrupt.o
                0x000006f8                TC7_Handler
 .text.Ds1302WriteByte
                0x00000708       0xb0 src/DS1302/DS1302.o
 .text.DS1302Init
                0x000007b8       0x40 src/DS1302/DS1302.o
                0x000007b8                DS1302Init
 .text.Ds1302SetDateTime
                0x000007f8      0x1c0 src/DS1302/DS1302.o
                0x000007f8                Ds1302SetDateTime
 .text.Max31856WriteSpi
                0x000009b8       0x8c src/MAX31856/MAX31856.o
 .text.Max31856ConfigureSPI
                0x00000a44       0xbc src/MAX31856/MAX31856.o
                0x00000a44                Max31856ConfigureSPI
 .text.Max31856ConfigureRegisters
                0x00000b00       0x24 src/MAX31856/MAX31856.o
                0x00000b00                Max31856ConfigureRegisters
 .text.SdCardInit
                0x00000b24       0x30 src/SD_FileUtils/SD_FileUtils.o
                0x00000b24                SdCardInit
 .text.tryReadTimeFile
                0x00000b54      0x108 src/SD_FileUtils/SD_FileUtils.o
                0x00000b54                tryReadTimeFile
 .text.createDataFileIfMissing
                0x00000c5c       0x48 src/SD_FileUtils/SD_FileUtils.o
                0x00000c5c                createDataFileIfMissing
 .text.rtc_calendar_enable
                0x00000ca4       0x14 src/ASF/sam0/drivers/rtc/rtc_sam_d_r/rtc_calendar.o
                0x00000ca4                rtc_calendar_enable
 .text.rtc_calendar_disable
                0x00000cb8       0x14 src/ASF/sam0/drivers/rtc/rtc_sam_d_r/rtc_calendar.o
                0x00000cb8                rtc_calendar_disable
 .text.rtc_calendar_reset
                0x00000ccc       0x24 src/ASF/sam0/drivers/rtc/rtc_sam_d_r/rtc_calendar.o
                0x00000ccc                rtc_calendar_reset
 .text.rtc_calendar_time_to_register_value
                0x00000cf0       0x3c src/ASF/sam0/drivers/rtc/rtc_sam_d_r/rtc_calendar.o
                0x00000cf0                rtc_calendar_time_to_register_value
 .text.rtc_calendar_register_value_to_time
                0x00000d2c       0x40 src/ASF/sam0/drivers/rtc/rtc_sam_d_r/rtc_calendar.o
                0x00000d2c                rtc_calendar_register_value_to_time
 .text.rtc_calendar_get_time
                0x00000d6c       0x2c src/ASF/sam0/drivers/rtc/rtc_sam_d_r/rtc_calendar.o
                0x00000d6c                rtc_calendar_get_time
 .text.rtc_calendar_set_alarm
                0x00000d98       0x30 src/ASF/sam0/drivers/rtc/rtc_sam_d_r/rtc_calendar.o
                0x00000d98                rtc_calendar_set_alarm
 .text.rtc_calendar_init
                0x00000dc8       0x94 src/ASF/sam0/drivers/rtc/rtc_sam_d_r/rtc_calendar.o
                0x00000dc8                rtc_calendar_init
 .text._sercom_get_sync_baud_val
                0x00000e5c       0x28 src/ASF/sam0/drivers/sercom/sercom.o
                0x00000e5c                _sercom_get_sync_baud_val
 .text.sercom_set_gclk_generator
                0x00000e84       0x50 src/ASF/sam0/drivers/sercom/sercom.o
                0x00000e84                sercom_set_gclk_generator
 .text._sercom_get_default_pad
                0x00000ed4      0x188 src/ASF/sam0/drivers/sercom/sercom.o
                0x00000ed4                _sercom_get_default_pad
 .text._sercom_get_sercom_inst_index
                0x0000105c       0x3c src/ASF/sam0/drivers/sercom/sercom.o
                0x0000105c                _sercom_get_sercom_inst_index
 .text.disk_initialize
                0x00001098       0xa4 src/ASF/thirdparty/fatfs/fatfs-port-r0.09/diskio.o
                0x00001098                disk_initialize
 .text.disk_status
                0x0000113c       0x20 src/ASF/thirdparty/fatfs/fatfs-port-r0.09/diskio.o
                0x0000113c                disk_status
 .text.disk_read
                0x0000115c        0x4 src/ASF/thirdparty/fatfs/fatfs-port-r0.09/diskio.o
                0x0000115c                disk_read
 .text.disk_write
                0x00001160        0x4 src/ASF/thirdparty/fatfs/fatfs-port-r0.09/diskio.o
                0x00001160                disk_write
 .text.disk_ioctl
                0x00001164       0x74 src/ASF/thirdparty/fatfs/fatfs-port-r0.09/diskio.o
                0x00001164                disk_ioctl
 .text.get_fattime
                0x000011d8       0x44 src/ASF/thirdparty/fatfs/fatfs-port-r0.09/sam0/fattime_rtc.o
                0x000011d8                get_fattime
 .text.ff_convert
                0x0000121c       0x48 src/ASF/thirdparty/fatfs/fatfs-r0.09/src/option/ccsbcs.o
                0x0000121c                ff_convert
 .text.ff_wtoupper
                0x00001264       0x30 src/ASF/thirdparty/fatfs/fatfs-r0.09/src/option/ccsbcs.o
                0x00001264                ff_wtoupper
 .text.ConfigureDendroADC
                0x00001294       0x34 src/Dendro/Dendro.o
                0x00001294                ConfigureDendroADC
 .text.WDT_Handler
                0x000012c8       0x1c src/ASF/sam0/drivers/wdt/wdt_callback.o
                0x000012c8                WDT_Handler
 .text.spi_init
                0x000012e4      0x2f0 src/ASF/sam0/drivers/sercom/spi/spi.o
                0x000012e4                spi_init
 .text.spi_select_slave
                0x000015d4       0xe4 src/ASF/sam0/drivers/sercom/spi/spi.o
                0x000015d4                spi_select_slave
 .text.spi_write_buffer_wait
                0x000016b8      0x210 src/ASF/sam0/drivers/sercom/spi/spi.o
                0x000016b8                spi_write_buffer_wait
 .text.EIC_Handler
                0x000018c8       0x6c src/ASF/sam0/drivers/extint/extint_callback.o
                0x000018c8                EIC_Handler
 .text.sd_mmc_spi_init
                0x00001934       0xc8 src/ASF/common2/components/memory/sd_mmc/sd_mmc_spi.o
                0x00001934                sd_mmc_spi_init
 .text.mem_test_unit_ready
                0x000019fc        0x4 src/ASF/common/services/storage/ctrl_access/ctrl_access.o
                0x000019fc                mem_test_unit_ready
 .text.mem_read_capacity
                0x00001a00        0x4 src/ASF/common/services/storage/ctrl_access/ctrl_access.o
                0x00001a00                mem_read_capacity
 .text.mem_sector_size
                0x00001a04        0x4 src/ASF/common/services/storage/ctrl_access/ctrl_access.o
                0x00001a04                mem_sector_size
 .text.mem_wr_protect
                0x00001a08        0x4 src/ASF/common/services/storage/ctrl_access/ctrl_access.o
                0x00001a08                mem_wr_protect
 .text.port_pin_set_config
                0x00001a0c       0x24 src/ASF/sam0/drivers/port/port.o
                0x00001a0c                port_pin_set_config
 .text.mem_cpy  0x00001a30       0x14 src/ASF/thirdparty/fatfs/fatfs-r0.09/src/ff.o
 .text.clust2sect
                0x00001a44       0x18 src/ASF/thirdparty/fatfs/fatfs-r0.09/src/ff.o
 .text.sum_sfn  0x00001a5c       0x1c src/ASF/thirdparty/fatfs/fatfs-r0.09/src/ff.o
 .text.validate
                0x00001a78       0x30 src/ASF/thirdparty/fatfs/fatfs-r0.09/src/ff.o
 .text.check_fs
                0x00001aa8       0xa0 src/ASF/thirdparty/fatfs/fatfs-r0.09/src/ff.o
 .text.chk_mounted
                0x00001b48      0x3a8 src/ASF/thirdparty/fatfs/fatfs-r0.09/src/ff.o
 .text.move_window
                0x00001ef0       0x90 src/ASF/thirdparty/fatfs/fatfs-r0.09/src/ff.o
 .text.get_fat  0x00001f80       0xf8 src/ASF/thirdparty/fatfs/fatfs-r0.09/src/ff.o
 .text.dir_sdi  0x00002078       0xa4 src/ASF/thirdparty/fatfs/fatfs-r0.09/src/ff.o
 .text.put_fat  0x0000211c      0x10c src/ASF/thirdparty/fatfs/fatfs-r0.09/src/ff.o
 .text.create_chain
                0x00002228       0xd0 src/ASF/thirdparty/fatfs/fatfs-r0.09/src/ff.o
 .text.remove_chain
                0x000022f8       0x74 src/ASF/thirdparty/fatfs/fatfs-r0.09/src/ff.o
 .text.sync     0x0000236c       0xf8 src/ASF/thirdparty/fatfs/fatfs-r0.09/src/ff.o
 .text.dir_next
                0x00002464      0x128 src/ASF/thirdparty/fatfs/fatfs-r0.09/src/ff.o
 .text.dir_find
                0x0000258c      0x1bc src/ASF/thirdparty/fatfs/fatfs-r0.09/src/ff.o
 .text.follow_path
                0x00002748      0x334 src/ASF/thirdparty/fatfs/fatfs-r0.09/src/ff.o
 .text.dir_register
                0x00002a7c      0x2e8 src/ASF/thirdparty/fatfs/fatfs-r0.09/src/ff.o
 .text.dir_read
                0x00002d64      0x13c src/ASF/thirdparty/fatfs/fatfs-r0.09/src/ff.o
 .text.dir_remove
                0x00002ea0       0x68 src/ASF/thirdparty/fatfs/fatfs-r0.09/src/ff.o
 .text.f_mount  0x00002f08       0x28 src/ASF/thirdparty/fatfs/fatfs-r0.09/src/ff.o
                0x00002f08                f_mount
 .text.f_open   0x00002f30      0x180 src/ASF/thirdparty/fatfs/fatfs-r0.09/src/ff.o
                0x00002f30                f_open
 .text.f_sync   0x000030b0       0xb8 src/ASF/thirdparty/fatfs/fatfs-r0.09/src/ff.o
                0x000030b0                f_sync
 .text.f_close  0x00003168       0x18 src/ASF/thirdparty/fatfs/fatfs-r0.09/src/ff.o
                0x00003168                f_close
 .text.f_lseek  0x00003180      0x1d8 src/ASF/thirdparty/fatfs/fatfs-r0.09/src/ff.o
                0x00003180                f_lseek
 .text.f_unlink
                0x00003358       0xdc src/ASF/thirdparty/fatfs/fatfs-r0.09/src/ff.o
                0x00003358                f_unlink
 .text.SDI12_Setup
                0x00003434       0x28 src/SDI12/SDI_12.o
                0x00003434                SDI12_Setup
 .text.system_board_init
                0x0000345c        0x4 src/ASF/common2/boards/user_board/init.o
                0x0000345c                board_init
                0x0000345c                system_board_init
 .text.cpu_irq_enter_critical
                0x00003460       0x40 src/ASF/common/utils/interrupt/interrupt_sam_nvic.o
                0x00003460                cpu_irq_enter_critical
 .text.cpu_irq_leave_critical
                0x000034a0       0x30 src/ASF/common/utils/interrupt/interrupt_sam_nvic.o
                0x000034a0                cpu_irq_leave_critical
 .text.system_clock_source_get_hz
                0x000034d0       0x80 src/ASF/sam0/drivers/system/clock/clock_samd20/clock.o
                0x000034d0                system_clock_source_get_hz
 .text.system_clock_source_osc8m_set_config
                0x00003550       0x3c src/ASF/sam0/drivers/system/clock/clock_samd20/clock.o
                0x00003550                system_clock_source_osc8m_set_config
 .text.system_clock_source_enable
                0x0000358c       0x90 src/ASF/sam0/drivers/system/clock/clock_samd20/clock.o
                0x0000358c                system_clock_source_enable
 .text.system_clock_init
                0x0000361c       0x98 src/ASF/sam0/drivers/system/clock/clock_samd20/clock.o
                0x0000361c                system_clock_init
 .text.system_gclk_init
                0x000036b4       0x24 src/ASF/sam0/drivers/system/clock/clock_samd20/gclk.o
                0x000036b4                system_gclk_init
 .text.system_gclk_gen_set_config
                0x000036d8       0xb4 src/ASF/sam0/drivers/system/clock/clock_samd20/gclk.o
                0x000036d8                system_gclk_gen_set_config
 .text.system_gclk_gen_enable
                0x0000378c       0x44 src/ASF/sam0/drivers/system/clock/clock_samd20/gclk.o
                0x0000378c                system_gclk_gen_enable
 .text.system_gclk_gen_get_hz
                0x000037d0       0x8c src/ASF/sam0/drivers/system/clock/clock_samd20/gclk.o
                0x000037d0                system_gclk_gen_get_hz
 .text.system_gclk_chan_enable
                0x0000385c       0x30 src/ASF/sam0/drivers/system/clock/clock_samd20/gclk.o
                0x0000385c                system_gclk_chan_enable
 .text.system_gclk_chan_disable
                0x0000388c       0x5c src/ASF/sam0/drivers/system/clock/clock_samd20/gclk.o
                0x0000388c                system_gclk_chan_disable
 .text.system_gclk_chan_set_config
                0x000038e8       0x1c src/ASF/sam0/drivers/system/clock/clock_samd20/gclk.o
                0x000038e8                system_gclk_chan_set_config
 .text.system_gclk_chan_get_hz
                0x00003904       0x34 src/ASF/sam0/drivers/system/clock/clock_samd20/gclk.o
                0x00003904                system_gclk_chan_get_hz
 .text._system_pinmux_config
                0x00003938       0x8c src/ASF/sam0/drivers/system/pinmux/pinmux.o
 .text.system_pinmux_pin_set_config
                0x000039c4       0x2c src/ASF/sam0/drivers/system/pinmux/pinmux.o
                0x000039c4                system_pinmux_pin_set_config
 .text._system_dummy_init
                0x000039f0        0x4 src/ASF/sam0/drivers/system/system.o
                0x000039f0                _system_events_init
                0x000039f0                _system_dummy_init
                0x000039f0                _system_divas_init
 .text.system_init
                0x000039f4       0x2c src/ASF/sam0/drivers/system/system.o
                0x000039f4                system_init
 .text.Dummy_Handler
                0x00003a20        0x4 src/ASF/sam0/utils/cmsis/samd20/source/gcc/startup_samd20.o
                0x00003a20                HardFault_Handler
                0x00003a20                AC_Handler
                0x00003a20                SysTick_Handler
                0x00003a20                PendSV_Handler
                0x00003a20                NMI_Handler
                0x00003a20                SERCOM1_Handler
                0x00003a20                ADC_Handler
                0x00003a20                SERCOM2_Handler
                0x00003a20                RTC_Handler
                0x00003a20                Dummy_Handler
                0x00003a20                PM_Handler
                0x00003a20                SERCOM5_Handler
                0x00003a20                SVC_Handler
                0x00003a20                EVSYS_Handler
                0x00003a20                SERCOM3_Handler
                0x00003a20                SERCOM4_Handler
                0x00003a20                NVMCTRL_Handler
                0x00003a20                SERCOM0_Handler
                0x00003a20                DAC_Handler
                0x00003a20                PTC_Handler
                0x00003a20                SYSCTRL_Handler
 .text.Reset_Handler
                0x00003a24       0xa0 src/ASF/sam0/utils/cmsis/samd20/source/gcc/startup_samd20.o
                0x00003a24                Reset_Handler
 .text.componentInit
                0x00003ac4       0x5c src/main.o
                0x00003ac4                componentInit
 .text.main     0x00003b20       0x58 src/main.o
                0x00003b20                main
 .text          0x00003b78       0x9c c:/program files (x86)/atmel/atmel toolchain/arm gcc/native/4.8.1443/arm-gnu-toolchain/bin/../lib/gcc/arm-none-eabi/4.8.4/armv6-m\libgcc.a(_udivsi3.o)
                0x00003b78                __aeabi_uidiv
                0x00003b78                __udivsi3
                0x00003c00                __aeabi_uidivmod
 .text          0x00003c14       0xc0 c:/program files (x86)/atmel/atmel toolchain/arm gcc/native/4.8.1443/arm-gnu-toolchain/bin/../lib/gcc/arm-none-eabi/4.8.4/armv6-m\libgcc.a(_divsi3.o)
                0x00003c14                __divsi3
                0x00003c14                __aeabi_idiv
                0x00003cc0                __aeabi_idivmod
 .text          0x00003cd4        0x4 c:/program files (x86)/atmel/atmel toolchain/arm gcc/native/4.8.1443/arm-gnu-toolchain/bin/../lib/gcc/arm-none-eabi/4.8.4/armv6-m\libgcc.a(_dvmd_tls.o)
                0x00003cd4                __aeabi_idiv0
                0x00003cd4                __aeabi_ldiv0
 .text          0x00003cd8       0x40 c:/program files (x86)/atmel/atmel toolchain/arm gcc/native/4.8.1443/arm-gnu-toolchain/bin/../lib/gcc/arm-none-eabi/4.8.4/armv6-m\libgcc.a(_aeabi_uldivmod.o)
                0x00003cd8                __aeabi_uldivmod
 .text          0x00003d18       0x44 c:/program files (x86)/atmel/atmel toolchain/arm gcc/native/4.8.1443/arm-gnu-toolchain/bin/../lib/gcc/arm-none-eabi/4.8.4/armv6-m\libgcc.a(_muldi3.o)
                0x00003d18                __muldi3
                0x00003d18                __aeabi_lmul
 .text          0x00003d5c       0x6c c:/program files (x86)/atmel/atmel toolchain/arm gcc/native/4.8.1443/arm-gnu-toolchain/bin/../lib/gcc/arm-none-eabi/4.8.4/armv6-m\libgcc.a(bpabi.o)
                0x00003d5c                __gnu_ldivmod_helper
                0x00003d94                __gnu_uldivmod_helper
 .text          0x00003dc8       0x3c c:/program files (x86)/atmel/atmel toolchain/arm gcc/native/4.8.1443/arm-gnu-toolchain/bin/../lib/gcc/arm-none-eabi/4.8.4/armv6-m\libgcc.a(_clzsi2.o)
                0x00003dc8                __clzsi2
 .text          0x00003e04      0x3b8 c:/program files (x86)/atmel/atmel toolchain/arm gcc/native/4.8.1443/arm-gnu-toolchain/bin/../lib/gcc/arm-none-eabi/4.8.4/armv6-m\libgcc.a(_divdi3.o)
                0x00003e04                __divdi3
 .text          0x000041bc      0x384 c:/program files (x86)/atmel/atmel toolchain/arm gcc/native/4.8.1443/arm-gnu-toolchain/bin/../lib/gcc/arm-none-eabi/4.8.4/armv6-m\libgcc.a(_udivdi3.o)
                0x000041bc                __udivdi3
 .text.__libc_init_array
                0x00004540       0x4c c:/program files (x86)/atmel/atmel toolchain/arm gcc/native/4.8.1443/arm-gnu-toolchain/bin/../lib/gcc/arm-none-eabi/4.8.4/../../../../arm-none-eabi/lib/armv6-m\libc_s.a(lib_a-init.o)
                0x00004540                __libc_init_array
 .text.memcpy   0x0000458c       0x12 c:/program files (x86)/atmel/atmel toolchain/arm gcc/native/4.8.1443/arm-gnu-toolchain/bin/../lib/gcc/arm-none-eabi/4.8.4/../../../../arm-none-eabi/lib/armv6-m\libc_s.a(lib_a-memcpy-stub.o)
                0x0000458c                memcpy
 .text.memset   0x0000459e       0x10 c:/program files (x86)/atmel/atmel toolchain/arm gcc/native/4.8.1443/arm-gnu-toolchain/bin/../lib/gcc/arm-none-eabi/4.8.4/../../../../arm-none-eabi/lib/armv6-m\libc_s.a(lib_a-memset.o)
                0x0000459e                memset
 *fill*         0x000045ae        0x2 
 .text._strtol_r
                0x000045b0      0x114 c:/program files (x86)/atmel/atmel toolchain/arm gcc/native/4.8.1443/arm-gnu-toolchain/bin/../lib/gcc/arm-none-eabi/4.8.4/../../../../arm-none-eabi/lib/armv6-m\libc_s.a(lib_a-strtol.o)
                0x000045b0                _strtol_r
 .text.strtol   0x000046c4       0x1c c:/program files (x86)/atmel/atmel toolchain/arm gcc/native/4.8.1443/arm-gnu-toolchain/bin/../lib/gcc/arm-none-eabi/4.8.4/../../../../arm-none-eabi/lib/armv6-m\libc_s.a(lib_a-strtol.o)
                0x000046c4                strtol
 *(.glue_7t)
 .glue_7t       0x00000000        0x0 linker stubs
 *(.glue_7)
 .glue_7        0x00000000        0x0 linker stubs
 *(.rodata .rodata* .gnu.linkonce.r.*)
 .rodata.adc_init
                0x000046e0       0xd4 src/ASF/sam0/drivers/adc/adc_sam_d_r/adc.o
 .rodata        0x000047b4       0x50 src/ASF/sam0/drivers/adc/adc_sam_d_r/adc.o
 .rodata.str1.4
                0x00004804       0x18 src/SD_FileUtils/SD_FileUtils.o
                                 0x1c (size before relaxing)
 .rodata        0x0000481c       0x18 src/ASF/sam0/drivers/sercom/sercom.o
 .rodata.tbl_lower.4257
                0x00004834      0x1e0 src/ASF/thirdparty/fatfs/fatfs-r0.09/src/option/ccsbcs.o
 .rodata.Tbl    0x00004a14      0x100 src/ASF/thirdparty/fatfs/fatfs-r0.09/src/option/ccsbcs.o
 .rodata.tbl_upper.4258
                0x00004b14      0x1e0 src/ASF/thirdparty/fatfs/fatfs-r0.09/src/option/ccsbcs.o
 .rodata.excvt.4507
                0x00004cf4       0x80 src/ASF/thirdparty/fatfs/fatfs-r0.09/src/ff.o
 .rodata.str1.4
                0x00004d74       0x14 src/ASF/thirdparty/fatfs/fatfs-r0.09/src/ff.o
 .rodata.LfnOfs
                0x00004d88       0x10 src/ASF/thirdparty/fatfs/fatfs-r0.09/src/ff.o
 .rodata.system_clock_source_get_hz
                0x00004d98       0x20 src/ASF/sam0/drivers/system/clock/clock_samd20/clock.o
 .rodata.system_clock_source_enable
                0x00004db8       0x20 src/ASF/sam0/drivers/system/clock/clock_samd20/clock.o
 .rodata.str1.4
                0x00000000        0xc src/main.o
 .rodata.str1.1
                0x00004dd8        0x2 c:/program files (x86)/atmel/atmel toolchain/arm gcc/native/4.8.1443/arm-gnu-toolchain/bin/../lib/gcc/arm-none-eabi/4.8.4/../../../../arm-none-eabi/lib/armv6-m\libc_s.a(lib_a-impure.o)
 .rodata._ctype_
                0x00004dda      0x101 c:/program files (x86)/atmel/atmel toolchain/arm gcc/native/4.8.1443/arm-gnu-toolchain/bin/../lib/gcc/arm-none-eabi/4.8.4/../../../../arm-none-eabi/lib/armv6-m\libc_s.a(lib_a-ctype_.o)
                0x00004dda                _ctype_
 *fill*         0x00004edb        0x1 
 .rodata.__sf_fake_stdin
                0x00004edc       0x20 c:/program files (x86)/atmel/atmel toolchain/arm gcc/native/4.8.1443/arm-gnu-toolchain/bin/../lib/gcc/arm-none-eabi/4.8.4/../../../../arm-none-eabi/lib/armv6-m\libc_s.a(lib_a-findfp.o)
                0x00004edc                __sf_fake_stdin
 .rodata.__sf_fake_stdout
                0x00004efc       0x20 c:/program files (x86)/atmel/atmel toolchain/arm gcc/native/4.8.1443/arm-gnu-toolchain/bin/../lib/gcc/arm-none-eabi/4.8.4/../../../../arm-none-eabi/lib/armv6-m\libc_s.a(lib_a-findfp.o)
                0x00004efc                __sf_fake_stdout
 .rodata.__sf_fake_stderr
                0x00004f1c       0x20 c:/program files (x86)/atmel/atmel toolchain/arm gcc/native/4.8.1443/arm-gnu-toolchain/bin/../lib/gcc/arm-none-eabi/4.8.4/../../../../arm-none-eabi/lib/armv6-m\libc_s.a(lib_a-findfp.o)
                0x00004f1c                __sf_fake_stderr
 *(.ARM.extab* .gnu.linkonce.armextab.*)
                0x00004f3c                . = ALIGN (0x4)
 *(.init)
 .init          0x00004f3c        0x4 c:/program files (x86)/atmel/atmel toolchain/arm gcc/native/4.8.1443/arm-gnu-toolchain/bin/../lib/gcc/arm-none-eabi/4.8.4/armv6-m/crti.o
                0x00004f3c                _init
 .init          0x00004f40        0x8 c:/program files (x86)/atmel/atmel toolchain/arm gcc/native/4.8.1443/arm-gnu-toolchain/bin/../lib/gcc/arm-none-eabi/4.8.4/armv6-m/crtn.o
                0x00004f48                . = ALIGN (0x4)
                0x00004f48                __preinit_array_start = .
 *(.preinit_array)
                0x00004f48                __preinit_array_end = .
                0x00004f48                . = ALIGN (0x4)
                0x00004f48                __init_array_start = .
 *(SORT(.init_array.*))
 *(.init_array)
 .init_array    0x00004f48        0x4 c:/program files (x86)/atmel/atmel toolchain/arm gcc/native/4.8.1443/arm-gnu-toolchain/bin/../lib/gcc/arm-none-eabi/4.8.4/armv6-m/crtbegin.o
                0x00004f4c                __init_array_end = .
                0x00004f4c                . = ALIGN (0x4)
 *crtbegin.o(.ctors)
 *(EXCLUDE_FILE(*crtend.o) .ctors)
 *(SORT(.ctors.*))
 *crtend.o(.ctors)
                0x00004f4c                . = ALIGN (0x4)
 *(.fini)
 .fini          0x00004f4c        0x4 c:/program files (x86)/atmel/atmel toolchain/arm gcc/native/4.8.1443/arm-gnu-toolchain/bin/../lib/gcc/arm-none-eabi/4.8.4/armv6-m/crti.o
                0x00004f4c                _fini
 .fini          0x00004f50        0x8 c:/program files (x86)/atmel/atmel toolchain/arm gcc/native/4.8.1443/arm-gnu-toolchain/bin/../lib/gcc/arm-none-eabi/4.8.4/armv6-m/crtn.o
                0x00004f58                . = ALIGN (0x4)
                0x00004f58                __fini_array_start = .
 *(.fini_array)
 .fini_array    0x00004f58        0x4 c:/program files (x86)/atmel/atmel toolchain/arm gcc/native/4.8.1443/arm-gnu-toolchain/bin/../lib/gcc/arm-none-eabi/4.8.4/armv6-m/crtbegin.o
 *(SORT(.fini_array.*))
                0x00004f5c                __fini_array_end = .
 *crtbegin.o(.dtors)
 *(EXCLUDE_FILE(*crtend.o) .dtors)
 *(SORT(.dtors.*))
 *crtend.o(.dtors)
                0x00004f5c                . = ALIGN (0x4)
                0x00004f5c                _efixed = .
                0x00004f5c                PROVIDE (__exidx_start, .)

.vfp11_veneer   0x00004f5c        0x0
 .vfp11_veneer  0x00000000        0x0 linker stubs

.v4_bx          0x00004f5c        0x0
 .v4_bx         0x00000000        0x0 linker stubs

.iplt           0x00004f5c        0x0
 .iplt          0x00000000        0x0 c:/program files (x86)/atmel/atmel toolchain/arm gcc/native/4.8.1443/arm-gnu-toolchain/bin/../lib/gcc/arm-none-eabi/4.8.4/armv6-m/crtbegin.o

.ARM.exidx      0x00004f5c        0x8
 *(.ARM.exidx* .gnu.linkonce.armexidx.*)
 .ARM.exidx     0x00004f5c        0x8 c:/program files (x86)/atmel/atmel toolchain/arm gcc/native/4.8.1443/arm-gnu-toolchain/bin/../lib/gcc/arm-none-eabi/4.8.4/armv6-m\libgcc.a(_divdi3.o)
 .ARM.exidx     0x00004f64        0x0 c:/program files (x86)/atmel/atmel toolchain/arm gcc/native/4.8.1443/arm-gnu-toolchain/bin/../lib/gcc/arm-none-eabi/4.8.4/armv6-m\libgcc.a(_udivdi3.o)
                                  0x8 (size before relaxing)
                0x00004f64                PROVIDE (__exidx_end, .)

.eh_frame       0x00004f64        0x0
 .eh_frame      0x00004f64        0x0 c:/program files (x86)/atmel/atmel toolchain/arm gcc/native/4.8.1443/arm-gnu-toolchain/bin/../lib/gcc/arm-none-eabi/4.8.4/armv6-m/crtbegin.o

.rel.dyn        0x00004f64        0x0
 .rel.iplt      0x00000000        0x0 c:/program files (x86)/atmel/atmel toolchain/arm gcc/native/4.8.1443/arm-gnu-toolchain/bin/../lib/gcc/arm-none-eabi/4.8.4/armv6-m/crtbegin.o

.jcr            0x00004f64        0x0
 .jcr           0x00004f64        0x0 c:/program files (x86)/atmel/atmel toolchain/arm gcc/native/4.8.1443/arm-gnu-toolchain/bin/../lib/gcc/arm-none-eabi/4.8.4/armv6-m/crtbegin.o

.igot.plt       0x00004f64        0x0
 .igot.plt      0x00000000        0x0 c:/program files (x86)/atmel/atmel toolchain/arm gcc/native/4.8.1443/arm-gnu-toolchain/bin/../lib/gcc/arm-none-eabi/4.8.4/armv6-m/crtbegin.o
                0x00004f64                . = ALIGN (0x4)
                0x00004f64                _etext = .

.relocate       0x20000000       0x78 load address 0x00004f64
                0x20000000                . = ALIGN (0x4)
                0x20000000                _srelocate = .
 *(.ramfunc .ramfunc.*)
 .ramfunc       0x20000000        0xc src/ASF/common2/services/delay/sam0/cycle_counter.o
                0x20000000                portable_delay_cycles
 *(.data .data.*)
 .data.g_interrupt_enabled
                0x2000000c        0x1 src/ASF/common/utils/interrupt/interrupt_sam_nvic.o
                0x2000000c                g_interrupt_enabled
 *fill*         0x2000000d        0x3 
 .data.impure_data
                0x20000010       0x60 c:/program files (x86)/atmel/atmel toolchain/arm gcc/native/4.8.1443/arm-gnu-toolchain/bin/../lib/gcc/arm-none-eabi/4.8.4/../../../../arm-none-eabi/lib/armv6-m\libc_s.a(lib_a-impure.o)
 .data._impure_ptr
                0x20000070        0x4 c:/program files (x86)/atmel/atmel toolchain/arm gcc/native/4.8.1443/arm-gnu-toolchain/bin/../lib/gcc/arm-none-eabi/4.8.4/../../../../arm-none-eabi/lib/armv6-m\libc_s.a(lib_a-impure.o)
                0x20000070                _impure_ptr
 .data.__ctype_ptr__
                0x20000074        0x4 c:/program files (x86)/atmel/atmel toolchain/arm gcc/native/4.8.1443/arm-gnu-toolchain/bin/../lib/gcc/arm-none-eabi/4.8.4/../../../../arm-none-eabi/lib/armv6-m\libc_s.a(lib_a-ctype_.o)
                0x20000074                __ctype_ptr__
                0x20000078                . = ALIGN (0x4)
                0x20000078                _erelocate = .

.bss            0x20000078      0x10c load address 0x00004fdc
                0x20000078                . = ALIGN (0x4)
                0x20000078                _sbss = .
                0x20000078                _szero = .
 *(.bss .bss.*)
 .bss           0x20000078       0x1c c:/program files (x86)/atmel/atmel toolchain/arm gcc/native/4.8.1443/arm-gnu-toolchain/bin/../lib/gcc/arm-none-eabi/4.8.4/armv6-m/crtbegin.o
 .bss.sd_mmc_slot_sel
                0x20000094        0x1 src/ASF/common2/components/memory/sd_mmc/sd_mmc.o
 *fill*         0x20000095        0x3 
 .bss.sd_mmc_cards
                0x20000098       0x24 src/ASF/common2/components/memory/sd_mmc/sd_mmc.o
 .bss._sercom_config
                0x200000bc        0x4 src/ASF/sam0/drivers/sercom/sercom.o
 .bss.sd_mmc_master
                0x200000c0        0x8 src/ASF/common2/components/memory/sd_mmc/sd_mmc_spi.o
 .bss.ss_pins   0x200000c8        0x4 src/ASF/common2/components/memory/sd_mmc/sd_mmc_spi.o
                0x200000c8                ss_pins
 .bss.sd_mmc_spi_devices
                0x200000cc        0x4 src/ASF/common2/components/memory/sd_mmc/sd_mmc_spi.o
 .bss.sd_mmc_spi_err
                0x200000d0        0x1 src/ASF/common2/components/memory/sd_mmc/sd_mmc_spi.o
 *fill*         0x200000d1        0x3 
 .bss.slave_configs
                0x200000d4        0x4 src/ASF/common2/components/memory/sd_mmc/sd_mmc_spi.o
 .bss.Fsid      0x200000d8        0x2 src/ASF/thirdparty/fatfs/fatfs-r0.09/src/ff.o
 *fill*         0x200000da        0x2 
 .bss.FatFs     0x200000dc        0x4 src/ASF/thirdparty/fatfs/fatfs-r0.09/src/ff.o
 .bss.cpu_irq_critical_section_counter
                0x200000e0        0x4 src/ASF/common/utils/interrupt/interrupt_sam_nvic.o
 .bss.cpu_irq_prev_interrupt_state
                0x200000e4        0x1 src/ASF/common/utils/interrupt/interrupt_sam_nvic.o
 *fill*         0x200000e5        0x3 
 .bss._system_clock_inst
                0x200000e8       0x14 src/ASF/sam0/drivers/system/clock/clock_samd20/clock.o
 *(COMMON)
 COMMON         0x200000fc       0x40 src/ASF/sam0/drivers/extint/extint_sam_d_r/extint.o
                0x200000fc                _extint_dev
 COMMON         0x2000013c       0x20 src/ASF/sam0/drivers/tc/tc_interrupt.o
                0x2000013c                _tc_instances
 COMMON         0x2000015c        0x4 src/ASF/sam0/drivers/rtc/rtc_sam_d_r/rtc_calendar.o
                0x2000015c                _rtc_instance
 COMMON         0x20000160        0x8 src/ASF/thirdparty/fatfs/fatfs-port-r0.09/diskio.o
                0x20000160                rtc_instance
 COMMON         0x20000168        0x4 src/ASF/sam0/drivers/wdt/wdt_callback.o
                0x20000168                wdt_early_warning_callback
 COMMON         0x2000016c        0x1 src/ASF/sam0/drivers/extint/extint_callback.o
                0x2000016c                _current_channel
 *fill*         0x2000016d        0x3 
 COMMON         0x20000170       0x14 src/main.o
                0x20000170                spiSlaveInstance
                0x20000174                adcModule
                0x2000017c                spiMasterModule
                0x20000184                . = ALIGN (0x4)
                0x20000184                _ebss = .
                0x20000184                _ezero = .

.stack          0x20000184     0x2004 load address 0x000050e8
                0x20000188                . = ALIGN (0x8)
 *fill*         0x20000184        0x4 
                0x20000188                _sstack = .
                0x20002188                . = (. + STACK_SIZE)
 *fill*         0x20000188     0x2000 
                0x20002188                . = ALIGN (0x8)
                0x20002188                _estack = .
                0x20002188                . = ALIGN (0x4)
                0x20002188                _end = .
OUTPUT(Pinecone_Logger_Project.elf elf32-littlearm)

.ARM.attributes
                0x00000000       0x28
 .ARM.attributes
                0x00000000       0x1e c:/program files (x86)/atmel/atmel toolchain/arm gcc/native/4.8.1443/arm-gnu-toolchain/bin/../lib/gcc/arm-none-eabi/4.8.4/armv6-m/crti.o
 .ARM.attributes
                0x0000001e       0x2c c:/program files (x86)/atmel/atmel toolchain/arm gcc/native/4.8.1443/arm-gnu-toolchain/bin/../lib/gcc/arm-none-eabi/4.8.4/armv6-m/crtbegin.o
 .ARM.attributes
                0x0000004a       0x32 src/ASF/common2/components/memory/sd_mmc/sd_mmc.o
 .ARM.attributes
                0x0000007c       0x32 src/ASF/sam0/drivers/adc/adc_sam_d_r/adc.o
 .ARM.attributes
                0x000000ae       0x32 src/ASF/sam0/drivers/extint/extint_sam_d_r/extint.o
 .ARM.attributes
                0x000000e0       0x32 src/ASF/sam0/drivers/tc/tc_interrupt.o
 .ARM.attributes
                0x00000112       0x32 src/DS1302/DS1302.o
 .ARM.attributes
                0x00000144       0x32 src/MAX31856/MAX31856.o
 .ARM.attributes
                0x00000176       0x32 src/SD_FileUtils/SD_FileUtils.o
 .ARM.attributes
                0x000001a8       0x32 src/ASF/sam0/drivers/rtc/rtc_sam_d_r/rtc_calendar.o
 .ARM.attributes
                0x000001da       0x32 src/ASF/sam0/drivers/sercom/sercom.o
 .ARM.attributes
                0x0000020c       0x32 src/ASF/thirdparty/fatfs/fatfs-port-r0.09/diskio.o
 .ARM.attributes
                0x0000023e       0x32 src/ASF/thirdparty/fatfs/fatfs-port-r0.09/sam0/fattime_rtc.o
 .ARM.attributes
                0x00000270       0x32 src/ASF/thirdparty/fatfs/fatfs-r0.09/src/option/ccsbcs.o
 .ARM.attributes
                0x000002a2       0x32 src/Dendro/Dendro.o
 .ARM.attributes
                0x000002d4       0x32 src/ASF/sam0/drivers/wdt/wdt_callback.o
 .ARM.attributes
                0x00000306       0x32 src/ASF/sam0/drivers/sercom/spi/spi.o
 .ARM.attributes
                0x00000338       0x32 src/ASF/sam0/drivers/extint/extint_callback.o
 .ARM.attributes
                0x0000036a       0x32 src/ASF/common2/services/delay/sam0/cycle_counter.o
 .ARM.attributes
                0x0000039c       0x32 src/ASF/common2/components/memory/sd_mmc/sd_mmc_spi.o
 .ARM.attributes
                0x000003ce       0x32 src/ASF/common/services/storage/ctrl_access/ctrl_access.o
 .ARM.attributes
                0x00000400       0x32 src/ASF/sam0/drivers/port/port.o
 .ARM.attributes
                0x00000432       0x32 src/ASF/thirdparty/fatfs/fatfs-r0.09/src/ff.o
 .ARM.attributes
                0x00000464       0x32 src/SDI12/SDI_12.o
 .ARM.attributes
                0x00000496       0x32 src/ASF/common2/boards/user_board/init.o
 .ARM.attributes
                0x000004c8       0x32 src/ASF/common/utils/interrupt/interrupt_sam_nvic.o
 .ARM.attributes
                0x000004fa       0x32 src/ASF/sam0/drivers/system/clock/clock_samd20/clock.o
 .ARM.attributes
                0x0000052c       0x32 src/ASF/sam0/drivers/system/clock/clock_samd20/gclk.o
 .ARM.attributes
                0x0000055e       0x32 src/ASF/sam0/drivers/system/pinmux/pinmux.o
 .ARM.attributes
                0x00000590       0x32 src/ASF/sam0/drivers/system/system.o
 .ARM.attributes
                0x000005c2       0x32 src/ASF/sam0/utils/cmsis/samd20/source/gcc/startup_samd20.o
 .ARM.attributes
                0x000005f4       0x32 src/main.o
 .ARM.attributes
                0x00000626       0x1e c:/program files (x86)/atmel/atmel toolchain/arm gcc/native/4.8.1443/arm-gnu-toolchain/bin/../lib/gcc/arm-none-eabi/4.8.4/armv6-m\libgcc.a(_udivsi3.o)
 .ARM.attributes
                0x00000644       0x1e c:/program files (x86)/atmel/atmel toolchain/arm gcc/native/4.8.1443/arm-gnu-toolchain/bin/../lib/gcc/arm-none-eabi/4.8.4/armv6-m\libgcc.a(_divsi3.o)
 .ARM.attributes
                0x00000662       0x1e c:/program files (x86)/atmel/atmel toolchain/arm gcc/native/4.8.1443/arm-gnu-toolchain/bin/../lib/gcc/arm-none-eabi/4.8.4/armv6-m\libgcc.a(_dvmd_tls.o)
 .ARM.attributes
                0x00000680       0x1e c:/program files (x86)/atmel/atmel toolchain/arm gcc/native/4.8.1443/arm-gnu-toolchain/bin/../lib/gcc/arm-none-eabi/4.8.4/armv6-m\libgcc.a(_aeabi_uldivmod.o)
 .ARM.attributes
                0x0000069e       0x2c c:/program files (x86)/atmel/atmel toolchain/arm gcc/native/4.8.1443/arm-gnu-toolchain/bin/../lib/gcc/arm-none-eabi/4.8.4/armv6-m\libgcc.a(_muldi3.o)
 .ARM.attributes
                0x000006ca       0x2c c:/program files (x86)/atmel/atmel toolchain/arm gcc/native/4.8.1443/arm-gnu-toolchain/bin/../lib/gcc/arm-none-eabi/4.8.4/armv6-m\libgcc.a(bpabi.o)
 .ARM.attributes
                0x000006f6       0x1e c:/program files (x86)/atmel/atmel toolchain/arm gcc/native/4.8.1443/arm-gnu-toolchain/bin/../lib/gcc/arm-none-eabi/4.8.4/armv6-m\libgcc.a(_clzsi2.o)
 .ARM.attributes
                0x00000714       0x2c c:/program files (x86)/atmel/atmel toolchain/arm gcc/native/4.8.1443/arm-gnu-toolchain/bin/../lib/gcc/arm-none-eabi/4.8.4/armv6-m\libgcc.a(_divdi3.o)
 .ARM.attributes
                0x00000740       0x2c c:/program files (x86)/atmel/atmel toolchain/arm gcc/native/4.8.1443/arm-gnu-toolchain/bin/../lib/gcc/arm-none-eabi/4.8.4/armv6-m\libgcc.a(_udivdi3.o)
 .ARM.attributes
                0x0000076c       0x2c c:/program files (x86)/atmel/atmel toolchain/arm gcc/native/4.8.1443/arm-gnu-toolchain/bin/../lib/gcc/arm-none-eabi/4.8.4/../../../../arm-none-eabi/lib/armv6-m\libc_s.a(lib_a-impure.o)
 .ARM.attributes
                0x00000798       0x2c c:/program files (x86)/atmel/atmel toolchain/arm gcc/native/4.8.1443/arm-gnu-toolchain/bin/../lib/gcc/arm-none-eabi/4.8.4/../../../../arm-none-eabi/lib/armv6-m\libc_s.a(lib_a-init.o)
 .ARM.attributes
                0x000007c4       0x2c c:/program files (x86)/atmel/atmel toolchain/arm gcc/native/4.8.1443/arm-gnu-toolchain/bin/../lib/gcc/arm-none-eabi/4.8.4/../../../../arm-none-eabi/lib/armv6-m\libc_s.a(lib_a-memcpy-stub.o)
 .ARM.attributes
                0x000007f0       0x2c c:/program files (x86)/atmel/atmel toolchain/arm gcc/native/4.8.1443/arm-gnu-toolchain/bin/../lib/gcc/arm-none-eabi/4.8.4/../../../../arm-none-eabi/lib/armv6-m\libc_s.a(lib_a-memset.o)
 .ARM.attributes
                0x0000081c       0x2c c:/program files (x86)/atmel/atmel toolchain/arm gcc/native/4.8.1443/arm-gnu-toolchain/bin/../lib/gcc/arm-none-eabi/4.8.4/../../../../arm-none-eabi/lib/armv6-m\libc_s.a(lib_a-strtol.o)
 .ARM.attributes
                0x00000848       0x2c c:/program files (x86)/atmel/atmel toolchain/arm gcc/native/4.8.1443/arm-gnu-toolchain/bin/../lib/gcc/arm-none-eabi/4.8.4/../../../../arm-none-eabi/lib/armv6-m\libc_s.a(lib_a-ctype_.o)
 .ARM.attributes
                0x00000874       0x2c c:/program files (x86)/atmel/atmel toolchain/arm gcc/native/4.8.1443/arm-gnu-toolchain/bin/../lib/gcc/arm-none-eabi/4.8.4/../../../../arm-none-eabi/lib/armv6-m\libc_s.a(lib_a-findfp.o)
 .ARM.attributes
                0x000008a0       0x1e c:/program files (x86)/atmel/atmel toolchain/arm gcc/native/4.8.1443/arm-gnu-toolchain/bin/../lib/gcc/arm-none-eabi/4.8.4/armv6-m/crtn.o

.comment        0x00000000       0x5b
 .comment       0x00000000       0x5b src/ASF/common2/components/memory/sd_mmc/sd_mmc.o
                                 0x5c (size before relaxing)
 .comment       0x00000000       0x5c src/ASF/sam0/drivers/adc/adc_sam_d_r/adc.o
 .comment       0x00000000       0x5c src/ASF/sam0/drivers/extint/extint_sam_d_r/extint.o
 .comment       0x00000000       0x5c src/ASF/sam0/drivers/tc/tc_interrupt.o
 .comment       0x00000000       0x5c src/DS1302/DS1302.o
 .comment       0x00000000       0x5c src/MAX31856/MAX31856.o
 .comment       0x00000000       0x5c src/SD_FileUtils/SD_FileUtils.o
 .comment       0x00000000       0x5c src/ASF/sam0/drivers/rtc/rtc_sam_d_r/rtc_calendar.o
 .comment       0x00000000       0x5c src/ASF/sam0/drivers/sercom/sercom.o
 .comment       0x00000000       0x5c src/ASF/thirdparty/fatfs/fatfs-port-r0.09/diskio.o
 .comment       0x00000000       0x5c src/ASF/thirdparty/fatfs/fatfs-port-r0.09/sam0/fattime_rtc.o
 .comment       0x00000000       0x5c src/ASF/thirdparty/fatfs/fatfs-r0.09/src/option/ccsbcs.o
 .comment       0x00000000       0x5c src/Dendro/Dendro.o
 .comment       0x00000000       0x5c src/ASF/sam0/drivers/wdt/wdt_callback.o
 .comment       0x00000000       0x5c src/ASF/sam0/drivers/sercom/spi/spi.o
 .comment       0x00000000       0x5c src/ASF/sam0/drivers/extint/extint_callback.o
 .comment       0x00000000       0x5c src/ASF/common2/services/delay/sam0/cycle_counter.o
 .comment       0x00000000       0x5c src/ASF/common2/components/memory/sd_mmc/sd_mmc_spi.o
 .comment       0x00000000       0x5c src/ASF/common/services/storage/ctrl_access/ctrl_access.o
 .comment       0x00000000       0x5c src/ASF/sam0/drivers/port/port.o
 .comment       0x00000000       0x5c src/ASF/thirdparty/fatfs/fatfs-r0.09/src/ff.o
 .comment       0x00000000       0x5c src/SDI12/SDI_12.o
 .comment       0x00000000       0x5c src/ASF/common2/boards/user_board/init.o
 .comment       0x00000000       0x5c src/ASF/common/utils/interrupt/interrupt_sam_nvic.o
 .comment       0x00000000       0x5c src/ASF/sam0/drivers/system/clock/clock_samd20/clock.o
 .comment       0x00000000       0x5c src/ASF/sam0/drivers/system/clock/clock_samd20/gclk.o
 .comment       0x00000000       0x5c src/ASF/sam0/drivers/system/pinmux/pinmux.o
 .comment       0x00000000       0x5c src/ASF/sam0/drivers/system/system.o
 .comment       0x00000000       0x5c src/ASF/sam0/utils/cmsis/samd20/source/gcc/startup_samd20.o
 .comment       0x00000000       0x5c src/main.o

.debug_info     0x00000000    0x2cf71
 .debug_info    0x00000000     0x1d1c src/ASF/common2/components/memory/sd_mmc/sd_mmc.o
 .debug_info    0x00001d1c     0x2f95 src/ASF/sam0/drivers/adc/adc_sam_d_r/adc.o
 .debug_info    0x00004cb1     0x20cc src/ASF/sam0/drivers/extint/extint_sam_d_r/extint.o
 .debug_info    0x00006d7d     0x1317 src/ASF/sam0/drivers/tc/tc_interrupt.o
 .debug_info    0x00008094     0x12c7 src/DS1302/DS1302.o
 .debug_info    0x0000935b     0x2e0f src/MAX31856/MAX31856.o
 .debug_info    0x0000c16a      0x6a1 src/SD_FileUtils/SD_FileUtils.o
 .debug_info    0x0000c80b     0x291a src/ASF/sam0/drivers/rtc/rtc_sam_d_r/rtc_calendar.o
 .debug_info    0x0000f125     0x1d9f src/ASF/sam0/drivers/sercom/sercom.o
 .debug_info    0x00010ec4     0x1bb0 src/ASF/thirdparty/fatfs/fatfs-port-r0.09/diskio.o
 .debug_info    0x00012a74     0x1616 src/ASF/thirdparty/fatfs/fatfs-port-r0.09/sam0/fattime_rtc.o
 .debug_info    0x0001408a      0x171 src/ASF/thirdparty/fatfs/fatfs-r0.09/src/option/ccsbcs.o
 .debug_info    0x000141fb     0x15e3 src/Dendro/Dendro.o
 .debug_info    0x000157de      0x97c src/ASF/sam0/drivers/wdt/wdt_callback.o
 .debug_info    0x0001615a     0x5569 src/ASF/sam0/drivers/sercom/spi/spi.o
 .debug_info    0x0001b6c3     0x10aa src/ASF/sam0/drivers/extint/extint_callback.o
 .debug_info    0x0001c76d      0x14d src/ASF/common2/services/delay/sam0/cycle_counter.o
 .debug_info    0x0001c8ba     0x3290 src/ASF/common2/components/memory/sd_mmc/sd_mmc_spi.o
 .debug_info    0x0001fb4a      0x364 src/ASF/common/services/storage/ctrl_access/ctrl_access.o
 .debug_info    0x0001feae      0x968 src/ASF/sam0/drivers/port/port.o
 .debug_info    0x00020816     0x2c6d src/ASF/thirdparty/fatfs/fatfs-r0.09/src/ff.o
 .debug_info    0x00023483     0x12b0 src/SDI12/SDI_12.o
 .debug_info    0x00024733      0x156 src/ASF/common2/boards/user_board/init.o
 .debug_info    0x00024889      0x1ec src/ASF/common/utils/interrupt/interrupt_sam_nvic.o
 .debug_info    0x00024a75     0x32c3 src/ASF/sam0/drivers/system/clock/clock_samd20/clock.o
 .debug_info    0x00027d38     0x1458 src/ASF/sam0/drivers/system/clock/clock_samd20/gclk.o
 .debug_info    0x00029190      0xa49 src/ASF/sam0/drivers/system/pinmux/pinmux.o
 .debug_info    0x00029bd9      0x17a src/ASF/sam0/drivers/system/system.o
 .debug_info    0x00029d53      0x993 src/ASF/sam0/utils/cmsis/samd20/source/gcc/startup_samd20.o
 .debug_info    0x0002a6e6     0x288b src/main.o

.debug_abbrev   0x00000000     0x4dd3
 .debug_abbrev  0x00000000      0x449 src/ASF/common2/components/memory/sd_mmc/sd_mmc.o
 .debug_abbrev  0x00000449      0x3aa src/ASF/sam0/drivers/adc/adc_sam_d_r/adc.o
 .debug_abbrev  0x000007f3      0x3fc src/ASF/sam0/drivers/extint/extint_sam_d_r/extint.o
 .debug_abbrev  0x00000bef      0x259 src/ASF/sam0/drivers/tc/tc_interrupt.o
 .debug_abbrev  0x00000e48      0x315 src/DS1302/DS1302.o
 .debug_abbrev  0x0000115d      0x368 src/MAX31856/MAX31856.o
 .debug_abbrev  0x000014c5      0x192 src/SD_FileUtils/SD_FileUtils.o
 .debug_abbrev  0x00001657      0x434 src/ASF/sam0/drivers/rtc/rtc_sam_d_r/rtc_calendar.o
 .debug_abbrev  0x00001a8b      0x2fd src/ASF/sam0/drivers/sercom/sercom.o
 .debug_abbrev  0x00001d88      0x34f src/ASF/thirdparty/fatfs/fatfs-port-r0.09/diskio.o
 .debug_abbrev  0x000020d7      0x1af src/ASF/thirdparty/fatfs/fatfs-port-r0.09/sam0/fattime_rtc.o
 .debug_abbrev  0x00002286       0xad src/ASF/thirdparty/fatfs/fatfs-r0.09/src/option/ccsbcs.o
 .debug_abbrev  0x00002333      0x2bd src/Dendro/Dendro.o
 .debug_abbrev  0x000025f0      0x23f src/ASF/sam0/drivers/wdt/wdt_callback.o
 .debug_abbrev  0x0000282f      0x45d src/ASF/sam0/drivers/sercom/spi/spi.o
 .debug_abbrev  0x00002c8c      0x297 src/ASF/sam0/drivers/extint/extint_callback.o
 .debug_abbrev  0x00002f23       0xbc src/ASF/common2/services/delay/sam0/cycle_counter.o
 .debug_abbrev  0x00002fdf      0x463 src/ASF/common2/components/memory/sd_mmc/sd_mmc_spi.o
 .debug_abbrev  0x00003442      0x108 src/ASF/common/services/storage/ctrl_access/ctrl_access.o
 .debug_abbrev  0x0000354a      0x1da src/ASF/sam0/drivers/port/port.o
 .debug_abbrev  0x00003724      0x30b src/ASF/thirdparty/fatfs/fatfs-r0.09/src/ff.o
 .debug_abbrev  0x00003a2f      0x344 src/SDI12/SDI_12.o
 .debug_abbrev  0x00003d73       0xa1 src/ASF/common2/boards/user_board/init.o
 .debug_abbrev  0x00003e14       0xf6 src/ASF/common/utils/interrupt/interrupt_sam_nvic.o
 .debug_abbrev  0x00003f0a      0x3ff src/ASF/sam0/drivers/system/clock/clock_samd20/clock.o
 .debug_abbrev  0x00004309      0x327 src/ASF/sam0/drivers/system/clock/clock_samd20/gclk.o
 .debug_abbrev  0x00004630      0x287 src/ASF/sam0/drivers/system/pinmux/pinmux.o
 .debug_abbrev  0x000048b7       0xb9 src/ASF/sam0/drivers/system/system.o
 .debug_abbrev  0x00004970      0x1c3 src/ASF/sam0/utils/cmsis/samd20/source/gcc/startup_samd20.o
 .debug_abbrev  0x00004b33      0x2a0 src/main.o

.debug_loc      0x00000000     0xf68e
 .debug_loc     0x00000000     0x1b51 src/ASF/common2/components/memory/sd_mmc/sd_mmc.o
 .debug_loc     0x00001b51      0x7b7 src/ASF/sam0/drivers/adc/adc_sam_d_r/adc.o
 .debug_loc     0x00002308      0x424 src/ASF/sam0/drivers/extint/extint_sam_d_r/extint.o
 .debug_loc     0x0000272c      0x21d src/ASF/sam0/drivers/tc/tc_interrupt.o
 .debug_loc     0x00002949      0x3e7 src/DS1302/DS1302.o
 .debug_loc     0x00002d30      0x8b9 src/MAX31856/MAX31856.o
 .debug_loc     0x000035e9      0x25d src/SD_FileUtils/SD_FileUtils.o
 .debug_loc     0x00003846      0x6f9 src/ASF/sam0/drivers/rtc/rtc_sam_d_r/rtc_calendar.o
 .debug_loc     0x00003f3f      0x982 src/ASF/sam0/drivers/sercom/sercom.o
 .debug_loc     0x000048c1      0x303 src/ASF/thirdparty/fatfs/fatfs-port-r0.09/diskio.o
 .debug_loc     0x00004bc4       0x2c src/ASF/thirdparty/fatfs/fatfs-port-r0.09/sam0/fattime_rtc.o
 .debug_loc     0x00004bf0      0x157 src/ASF/thirdparty/fatfs/fatfs-r0.09/src/option/ccsbcs.o
 .debug_loc     0x00004d47      0x440 src/Dendro/Dendro.o
 .debug_loc     0x00005187       0xd2 src/ASF/sam0/drivers/wdt/wdt_callback.o
 .debug_loc     0x00005259     0x2cc2 src/ASF/sam0/drivers/sercom/spi/spi.o
 .debug_loc     0x00007f1b      0x22b src/ASF/sam0/drivers/extint/extint_callback.o
 .debug_loc     0x00008146      0x938 src/ASF/common2/components/memory/sd_mmc/sd_mmc_spi.o
 .debug_loc     0x00008a7e       0xe7 src/ASF/common/services/storage/ctrl_access/ctrl_access.o
 .debug_loc     0x00008b65      0x16d src/ASF/sam0/drivers/port/port.o
 .debug_loc     0x00008cd2     0x4b64 src/ASF/thirdparty/fatfs/fatfs-r0.09/src/ff.o
 .debug_loc     0x0000d836      0x5d7 src/SDI12/SDI_12.o
 .debug_loc     0x0000de0d       0x1e src/ASF/common/utils/interrupt/interrupt_sam_nvic.o
 .debug_loc     0x0000de2b      0xf18 src/ASF/sam0/drivers/system/clock/clock_samd20/clock.o
 .debug_loc     0x0000ed43      0x508 src/ASF/sam0/drivers/system/clock/clock_samd20/gclk.o
 .debug_loc     0x0000f24b      0x2e3 src/ASF/sam0/drivers/system/pinmux/pinmux.o
 .debug_loc     0x0000f52e       0x20 src/ASF/sam0/drivers/system/system.o
 .debug_loc     0x0000f54e       0x7c src/ASF/sam0/utils/cmsis/samd20/source/gcc/startup_samd20.o
 .debug_loc     0x0000f5ca       0xc4 src/main.o

.debug_aranges  0x00000000      0x978
 .debug_aranges
                0x00000000       0xa8 src/ASF/common2/components/memory/sd_mmc/sd_mmc.o
 .debug_aranges
                0x000000a8       0x38 src/ASF/sam0/drivers/adc/adc_sam_d_r/adc.o
 .debug_aranges
                0x000000e0       0x50 src/ASF/sam0/drivers/extint/extint_sam_d_r/extint.o
 .debug_aranges
                0x00000130       0x70 src/ASF/sam0/drivers/tc/tc_interrupt.o
 .debug_aranges
                0x000001a0       0x38 src/DS1302/DS1302.o
 .debug_aranges
                0x000001d8       0x48 src/MAX31856/MAX31856.o
 .debug_aranges
                0x00000220       0x30 src/SD_FileUtils/SD_FileUtils.o
 .debug_aranges
                0x00000250       0x78 src/ASF/sam0/drivers/rtc/rtc_sam_d_r/rtc_calendar.o
 .debug_aranges
                0x000002c8       0x40 src/ASF/sam0/drivers/sercom/sercom.o
 .debug_aranges
                0x00000308       0x40 src/ASF/thirdparty/fatfs/fatfs-port-r0.09/diskio.o
 .debug_aranges
                0x00000348       0x20 src/ASF/thirdparty/fatfs/fatfs-port-r0.09/sam0/fattime_rtc.o
 .debug_aranges
                0x00000368       0x28 src/ASF/thirdparty/fatfs/fatfs-r0.09/src/option/ccsbcs.o
 .debug_aranges
                0x00000390       0x28 src/Dendro/Dendro.o
 .debug_aranges
                0x000003b8       0x40 src/ASF/sam0/drivers/wdt/wdt_callback.o
 .debug_aranges
                0x000003f8       0x58 src/ASF/sam0/drivers/sercom/spi/spi.o
 .debug_aranges
                0x00000450       0x48 src/ASF/sam0/drivers/extint/extint_callback.o
 .debug_aranges
                0x00000498       0x28 src/ASF/common2/services/delay/sam0/cycle_counter.o
 .debug_aranges
                0x000004c0       0xb0 src/ASF/common2/components/memory/sd_mmc/sd_mmc_spi.o
 .debug_aranges
                0x00000570       0x60 src/ASF/common/services/storage/ctrl_access/ctrl_access.o
 .debug_aranges
                0x000005d0       0x28 src/ASF/sam0/drivers/port/port.o
 .debug_aranges
                0x000005f8      0x140 src/ASF/thirdparty/fatfs/fatfs-r0.09/src/ff.o
 .debug_aranges
                0x00000738       0x50 src/SDI12/SDI_12.o
 .debug_aranges
                0x00000788       0x20 src/ASF/common2/boards/user_board/init.o
 .debug_aranges
                0x000007a8       0x28 src/ASF/common/utils/interrupt/interrupt_sam_nvic.o
 .debug_aranges
                0x000007d0       0x70 src/ASF/sam0/drivers/system/clock/clock_samd20/clock.o
 .debug_aranges
                0x00000840       0x80 src/ASF/sam0/drivers/system/clock/clock_samd20/gclk.o
 .debug_aranges
                0x000008c0       0x38 src/ASF/sam0/drivers/system/pinmux/pinmux.o
 .debug_aranges
                0x000008f8       0x28 src/ASF/sam0/drivers/system/system.o
 .debug_aranges
                0x00000920       0x28 src/ASF/sam0/utils/cmsis/samd20/source/gcc/startup_samd20.o
 .debug_aranges
                0x00000948       0x30 src/main.o

.debug_ranges   0x00000000      0xfc8
 .debug_ranges  0x00000000      0x1a8 src/ASF/common2/components/memory/sd_mmc/sd_mmc.o
 .debug_ranges  0x000001a8       0x88 src/ASF/sam0/drivers/adc/adc_sam_d_r/adc.o
 .debug_ranges  0x00000230       0x40 src/ASF/sam0/drivers/extint/extint_sam_d_r/extint.o
 .debug_ranges  0x00000270       0x60 src/ASF/sam0/drivers/tc/tc_interrupt.o
 .debug_ranges  0x000002d0       0x58 src/DS1302/DS1302.o
 .debug_ranges  0x00000328       0xf8 src/MAX31856/MAX31856.o
 .debug_ranges  0x00000420       0x20 src/SD_FileUtils/SD_FileUtils.o
 .debug_ranges  0x00000440       0x98 src/ASF/sam0/drivers/rtc/rtc_sam_d_r/rtc_calendar.o
 .debug_ranges  0x000004d8       0x48 src/ASF/sam0/drivers/sercom/sercom.o
 .debug_ranges  0x00000520       0x30 src/ASF/thirdparty/fatfs/fatfs-port-r0.09/diskio.o
 .debug_ranges  0x00000550       0x10 src/ASF/thirdparty/fatfs/fatfs-port-r0.09/sam0/fattime_rtc.o
 .debug_ranges  0x00000560       0x18 src/ASF/thirdparty/fatfs/fatfs-r0.09/src/option/ccsbcs.o
 .debug_ranges  0x00000578       0x30 src/Dendro/Dendro.o
 .debug_ranges  0x000005a8       0x30 src/ASF/sam0/drivers/wdt/wdt_callback.o
 .debug_ranges  0x000005d8      0x488 src/ASF/sam0/drivers/sercom/spi/spi.o
 .debug_ranges  0x00000a60       0x60 src/ASF/sam0/drivers/extint/extint_callback.o
 .debug_ranges  0x00000ac0       0x18 src/ASF/common2/services/delay/sam0/cycle_counter.o
 .debug_ranges  0x00000ad8       0xa0 src/ASF/common2/components/memory/sd_mmc/sd_mmc_spi.o
 .debug_ranges  0x00000b78       0x50 src/ASF/common/services/storage/ctrl_access/ctrl_access.o
 .debug_ranges  0x00000bc8       0x18 src/ASF/sam0/drivers/port/port.o
 .debug_ranges  0x00000be0      0x1c0 src/ASF/thirdparty/fatfs/fatfs-r0.09/src/ff.o
 .debug_ranges  0x00000da0       0xb8 src/SDI12/SDI_12.o
 .debug_ranges  0x00000e58       0x10 src/ASF/common2/boards/user_board/init.o
 .debug_ranges  0x00000e68       0x18 src/ASF/common/utils/interrupt/interrupt_sam_nvic.o
 .debug_ranges  0x00000e80       0x60 src/ASF/sam0/drivers/system/clock/clock_samd20/clock.o
 .debug_ranges  0x00000ee0       0x70 src/ASF/sam0/drivers/system/clock/clock_samd20/gclk.o
 .debug_ranges  0x00000f50       0x28 src/ASF/sam0/drivers/system/pinmux/pinmux.o
 .debug_ranges  0x00000f78       0x18 src/ASF/sam0/drivers/system/system.o
 .debug_ranges  0x00000f90       0x18 src/ASF/sam0/utils/cmsis/samd20/source/gcc/startup_samd20.o
 .debug_ranges  0x00000fa8       0x20 src/main.o

.debug_macro    0x00000000    0x1848a
 .debug_macro   0x00000000      0x721 src/ASF/common2/components/memory/sd_mmc/sd_mmc.o
 .debug_macro   0x00000721      0x850 src/ASF/common2/components/memory/sd_mmc/sd_mmc.o
 .debug_macro   0x00000f71      0x166 src/ASF/common2/components/memory/sd_mmc/sd_mmc.o
 .debug_macro   0x000010d7      0x644 src/ASF/common2/components/memory/sd_mmc/sd_mmc.o
 .debug_macro   0x0000171b       0x16 src/ASF/common2/components/memory/sd_mmc/sd_mmc.o
 .debug_macro   0x00001731       0x44 src/ASF/common2/components/memory/sd_mmc/sd_mmc.o
 .debug_macro   0x00001775      0x209 src/ASF/common2/components/memory/sd_mmc/sd_mmc.o
 .debug_macro   0x0000197e       0x10 src/ASF/common2/components/memory/sd_mmc/sd_mmc.o
 .debug_macro   0x0000198e       0x76 src/ASF/common2/components/memory/sd_mmc/sd_mmc.o
 .debug_macro   0x00001a04       0x16 src/ASF/common2/components/memory/sd_mmc/sd_mmc.o
 .debug_macro   0x00001a1a      0x6e5 src/ASF/common2/components/memory/sd_mmc/sd_mmc.o
 .debug_macro   0x000020ff      0xde2 src/ASF/common2/components/memory/sd_mmc/sd_mmc.o
 .debug_macro   0x00002ee1       0x22 src/ASF/common2/components/memory/sd_mmc/sd_mmc.o
 .debug_macro   0x00002f03       0x40 src/ASF/common2/components/memory/sd_mmc/sd_mmc.o
 .debug_macro   0x00002f43       0x3a src/ASF/common2/components/memory/sd_mmc/sd_mmc.o
 .debug_macro   0x00002f7d       0x1f src/ASF/common2/components/memory/sd_mmc/sd_mmc.o
 .debug_macro   0x00002f9c      0x250 src/ASF/common2/components/memory/sd_mmc/sd_mmc.o
 .debug_macro   0x000031ec      0x682 src/ASF/common2/components/memory/sd_mmc/sd_mmc.o
 .debug_macro   0x0000386e      0x8c1 src/ASF/common2/components/memory/sd_mmc/sd_mmc.o
 .debug_macro   0x0000412f      0x229 src/ASF/common2/components/memory/sd_mmc/sd_mmc.o
 .debug_macro   0x00004358      0x5bf src/ASF/common2/components/memory/sd_mmc/sd_mmc.o
 .debug_macro   0x00004917      0x9fb src/ASF/common2/components/memory/sd_mmc/sd_mmc.o
 .debug_macro   0x00005312      0x5b8 src/ASF/common2/components/memory/sd_mmc/sd_mmc.o
 .debug_macro   0x000058ca      0x4b6 src/ASF/common2/components/memory/sd_mmc/sd_mmc.o
 .debug_macro   0x00005d80      0x74c src/ASF/common2/components/memory/sd_mmc/sd_mmc.o
 .debug_macro   0x000064cc       0x5e src/ASF/common2/components/memory/sd_mmc/sd_mmc.o
 .debug_macro   0x0000652a      0x5e2 src/ASF/common2/components/memory/sd_mmc/sd_mmc.o
 .debug_macro   0x00006b0c      0x3b8 src/ASF/common2/components/memory/sd_mmc/sd_mmc.o
 .debug_macro   0x00006ec4      0xc55 src/ASF/common2/components/memory/sd_mmc/sd_mmc.o
 .debug_macro   0x00007b19      0xd29 src/ASF/common2/components/memory/sd_mmc/sd_mmc.o
 .debug_macro   0x00008842      0x7b8 src/ASF/common2/components/memory/sd_mmc/sd_mmc.o
 .debug_macro   0x00008ffa      0x6c2 src/ASF/common2/components/memory/sd_mmc/sd_mmc.o
 .debug_macro   0x000096bc      0x351 src/ASF/common2/components/memory/sd_mmc/sd_mmc.o
 .debug_macro   0x00009a0d       0x7c src/ASF/common2/components/memory/sd_mmc/sd_mmc.o
 .debug_macro   0x00009a89       0x9a src/ASF/common2/components/memory/sd_mmc/sd_mmc.o
 .debug_macro   0x00009b23       0x46 src/ASF/common2/components/memory/sd_mmc/sd_mmc.o
 .debug_macro   0x00009b69       0xb2 src/ASF/common2/components/memory/sd_mmc/sd_mmc.o
 .debug_macro   0x00009c1b       0x6a src/ASF/common2/components/memory/sd_mmc/sd_mmc.o
 .debug_macro   0x00009c85      0x287 src/ASF/common2/components/memory/sd_mmc/sd_mmc.o
 .debug_macro   0x00009f0c       0x82 src/ASF/common2/components/memory/sd_mmc/sd_mmc.o
 .debug_macro   0x00009f8e       0xb8 src/ASF/common2/components/memory/sd_mmc/sd_mmc.o
 .debug_macro   0x0000a046       0x1c src/ASF/common2/components/memory/sd_mmc/sd_mmc.o
 .debug_macro   0x0000a062       0x1c src/ASF/common2/components/memory/sd_mmc/sd_mmc.o
 .debug_macro   0x0000a07e       0x1c src/ASF/common2/components/memory/sd_mmc/sd_mmc.o
 .debug_macro   0x0000a09a       0x82 src/ASF/common2/components/memory/sd_mmc/sd_mmc.o
 .debug_macro   0x0000a11c      0x164 src/ASF/common2/components/memory/sd_mmc/sd_mmc.o
 .debug_macro   0x0000a280       0xdc src/ASF/common2/components/memory/sd_mmc/sd_mmc.o
 .debug_macro   0x0000a35c      0x104 src/ASF/common2/components/memory/sd_mmc/sd_mmc.o
 .debug_macro   0x0000a460      0x104 src/ASF/common2/components/memory/sd_mmc/sd_mmc.o
 .debug_macro   0x0000a564      0x104 src/ASF/common2/components/memory/sd_mmc/sd_mmc.o
 .debug_macro   0x0000a668      0x104 src/ASF/common2/components/memory/sd_mmc/sd_mmc.o
 .debug_macro   0x0000a76c      0x104 src/ASF/common2/components/memory/sd_mmc/sd_mmc.o
 .debug_macro   0x0000a870      0x104 src/ASF/common2/components/memory/sd_mmc/sd_mmc.o
 .debug_macro   0x0000a974       0xfa src/ASF/common2/components/memory/sd_mmc/sd_mmc.o
 .debug_macro   0x0000aa6e       0xbe src/ASF/common2/components/memory/sd_mmc/sd_mmc.o
 .debug_macro   0x0000ab2c       0xbe src/ASF/common2/components/memory/sd_mmc/sd_mmc.o
 .debug_macro   0x0000abea       0xbe src/ASF/common2/components/memory/sd_mmc/sd_mmc.o
 .debug_macro   0x0000aca8       0xbe src/ASF/common2/components/memory/sd_mmc/sd_mmc.o
 .debug_macro   0x0000ad66       0xbe src/ASF/common2/components/memory/sd_mmc/sd_mmc.o
 .debug_macro   0x0000ae24       0xbe src/ASF/common2/components/memory/sd_mmc/sd_mmc.o
 .debug_macro   0x0000aee2       0xbe src/ASF/common2/components/memory/sd_mmc/sd_mmc.o
 .debug_macro   0x0000afa0       0xbe src/ASF/common2/components/memory/sd_mmc/sd_mmc.o
 .debug_macro   0x0000b05e       0x40 src/ASF/common2/components/memory/sd_mmc/sd_mmc.o
 .debug_macro   0x0000b09e      0x2e3 src/ASF/common2/components/memory/sd_mmc/sd_mmc.o
 .debug_macro   0x0000b381     0x19c4 src/ASF/common2/components/memory/sd_mmc/sd_mmc.o
 .debug_macro   0x0000cd45       0x4a src/ASF/common2/components/memory/sd_mmc/sd_mmc.o
 .debug_macro   0x0000cd8f       0x58 src/ASF/common2/components/memory/sd_mmc/sd_mmc.o
 .debug_macro   0x0000cde7       0x35 src/ASF/common2/components/memory/sd_mmc/sd_mmc.o
 .debug_macro   0x0000ce1c       0xa3 src/ASF/common2/components/memory/sd_mmc/sd_mmc.o
 .debug_macro   0x0000cebf       0x16 src/ASF/common2/components/memory/sd_mmc/sd_mmc.o
 .debug_macro   0x0000ced5       0x35 src/ASF/common2/components/memory/sd_mmc/sd_mmc.o
 .debug_macro   0x0000cf0a       0x10 src/ASF/common2/components/memory/sd_mmc/sd_mmc.o
 .debug_macro   0x0000cf1a       0x52 src/ASF/common2/components/memory/sd_mmc/sd_mmc.o
 .debug_macro   0x0000cf6c       0x16 src/ASF/common2/components/memory/sd_mmc/sd_mmc.o
 .debug_macro   0x0000cf82       0x43 src/ASF/common2/components/memory/sd_mmc/sd_mmc.o
 .debug_macro   0x0000cfc5      0x180 src/ASF/common2/components/memory/sd_mmc/sd_mmc.o
 .debug_macro   0x0000d145       0x10 src/ASF/common2/components/memory/sd_mmc/sd_mmc.o
 .debug_macro   0x0000d155       0x22 src/ASF/common2/components/memory/sd_mmc/sd_mmc.o
 .debug_macro   0x0000d177       0xbd src/ASF/common2/components/memory/sd_mmc/sd_mmc.o
 .debug_macro   0x0000d234       0x16 src/ASF/common2/components/memory/sd_mmc/sd_mmc.o
 .debug_macro   0x0000d24a      0x16c src/ASF/common2/components/memory/sd_mmc/sd_mmc.o
 .debug_macro   0x0000d3b6       0x16 src/ASF/common2/components/memory/sd_mmc/sd_mmc.o
 .debug_macro   0x0000d3cc       0x16 src/ASF/common2/components/memory/sd_mmc/sd_mmc.o
 .debug_macro   0x0000d3e2       0x29 src/ASF/common2/components/memory/sd_mmc/sd_mmc.o
 .debug_macro   0x0000d40b       0x51 src/ASF/common2/components/memory/sd_mmc/sd_mmc.o
 .debug_macro   0x0000d45c       0x3f src/ASF/common2/components/memory/sd_mmc/sd_mmc.o
 .debug_macro   0x0000d49b      0x3df src/ASF/common2/components/memory/sd_mmc/sd_mmc.o
 .debug_macro   0x0000d87a       0x11 src/ASF/common2/components/memory/sd_mmc/sd_mmc.o
 .debug_macro   0x0000d88b       0x19 src/ASF/common2/components/memory/sd_mmc/sd_mmc.o
 .debug_macro   0x0000d8a4       0x18 src/ASF/common2/components/memory/sd_mmc/sd_mmc.o
 .debug_macro   0x0000d8bc       0x2e src/ASF/common2/components/memory/sd_mmc/sd_mmc.o
 .debug_macro   0x0000d8ea       0xb2 src/ASF/common2/components/memory/sd_mmc/sd_mmc.o
 .debug_macro   0x0000d99c       0x10 src/ASF/common2/components/memory/sd_mmc/sd_mmc.o
 .debug_macro   0x0000d9ac      0x2a6 src/ASF/common2/components/memory/sd_mmc/sd_mmc.o
 .debug_macro   0x0000dc52       0x10 src/ASF/common2/components/memory/sd_mmc/sd_mmc.o
 .debug_macro   0x0000dc62       0x1f src/ASF/common2/components/memory/sd_mmc/sd_mmc.o
 .debug_macro   0x0000dc81       0x4c src/ASF/common2/components/memory/sd_mmc/sd_mmc.o
 .debug_macro   0x0000dccd       0x19 src/ASF/common2/components/memory/sd_mmc/sd_mmc.o
 .debug_macro   0x0000dce6       0x34 src/ASF/common2/components/memory/sd_mmc/sd_mmc.o
 .debug_macro   0x0000dd1a       0x52 src/ASF/common2/components/memory/sd_mmc/sd_mmc.o
 .debug_macro   0x0000dd6c       0x34 src/ASF/common2/components/memory/sd_mmc/sd_mmc.o
 .debug_macro   0x0000dda0       0x16 src/ASF/common2/components/memory/sd_mmc/sd_mmc.o
 .debug_macro   0x0000ddb6       0x18 src/ASF/common2/components/memory/sd_mmc/sd_mmc.o
 .debug_macro   0x0000ddce       0x10 src/ASF/common2/components/memory/sd_mmc/sd_mmc.o
 .debug_macro   0x0000ddde       0x82 src/ASF/common2/components/memory/sd_mmc/sd_mmc.o
 .debug_macro   0x0000de60       0x9b src/ASF/common2/components/memory/sd_mmc/sd_mmc.o
 .debug_macro   0x0000defb       0xe7 src/ASF/common2/components/memory/sd_mmc/sd_mmc.o
 .debug_macro   0x0000dfe2      0x2a3 src/ASF/common2/components/memory/sd_mmc/sd_mmc.o
 .debug_macro   0x0000e285      0x304 src/ASF/common2/components/memory/sd_mmc/sd_mmc.o
 .debug_macro   0x0000e589       0x49 src/ASF/common2/components/memory/sd_mmc/sd_mmc.o
 .debug_macro   0x0000e5d2      0x21a src/ASF/common2/components/memory/sd_mmc/sd_mmc.o
 .debug_macro   0x0000e7ec       0x58 src/ASF/common2/components/memory/sd_mmc/sd_mmc.o
 .debug_macro   0x0000e844       0x9a src/ASF/common2/components/memory/sd_mmc/sd_mmc.o
 .debug_macro   0x0000e8de       0x10 src/ASF/common2/components/memory/sd_mmc/sd_mmc.o
 .debug_macro   0x0000e8ee       0x6c src/ASF/common2/components/memory/sd_mmc/sd_mmc.o
 .debug_macro   0x0000e95a      0xd3f src/ASF/common2/components/memory/sd_mmc/sd_mmc.o
 .debug_macro   0x0000f699       0x52 src/ASF/common2/components/memory/sd_mmc/sd_mmc.o
 .debug_macro   0x0000f6eb      0x46b src/ASF/sam0/drivers/adc/adc_sam_d_r/adc.o
 .debug_macro   0x0000fb56      0x47e src/ASF/sam0/drivers/extint/extint_sam_d_r/extint.o
 .debug_macro   0x0000ffd4       0x16 src/ASF/sam0/drivers/extint/extint_sam_d_r/extint.o
 .debug_macro   0x0000ffea      0x46c src/ASF/sam0/drivers/tc/tc_interrupt.o
 .debug_macro   0x00010456       0x19 src/ASF/sam0/drivers/tc/tc_interrupt.o
 .debug_macro   0x0001046f       0x51 src/ASF/sam0/drivers/tc/tc_interrupt.o
 .debug_macro   0x000104c0      0x699 src/DS1302/DS1302.o
 .debug_macro   0x00010b59       0x16 src/DS1302/DS1302.o
 .debug_macro   0x00010b6f      0x50f src/MAX31856/MAX31856.o
 .debug_macro   0x0001107e       0x12 src/MAX31856/MAX31856.o
 .debug_macro   0x00011090       0x34 src/MAX31856/MAX31856.o
 .debug_macro   0x000110c4      0x668 src/SD_FileUtils/SD_FileUtils.o
 .debug_macro   0x0001172c      0x436 src/ASF/sam0/drivers/rtc/rtc_sam_d_r/rtc_calendar.o
 .debug_macro   0x00011b62      0x48c src/ASF/sam0/drivers/sercom/sercom.o
 .debug_macro   0x00011fee      0x57e src/ASF/thirdparty/fatfs/fatfs-port-r0.09/diskio.o
 .debug_macro   0x0001256c      0x2fe src/ASF/thirdparty/fatfs/fatfs-port-r0.09/diskio.o
 .debug_macro   0x0001286a       0x16 src/ASF/thirdparty/fatfs/fatfs-port-r0.09/diskio.o
 .debug_macro   0x00012880      0x436 src/ASF/thirdparty/fatfs/fatfs-port-r0.09/sam0/fattime_rtc.o
 .debug_macro   0x00012cb6       0x3d src/ASF/thirdparty/fatfs/fatfs-r0.09/src/option/ccsbcs.o
 .debug_macro   0x00012cf3       0xee src/ASF/thirdparty/fatfs/fatfs-r0.09/src/option/ccsbcs.o
 .debug_macro   0x00012de1      0x663 src/Dendro/Dendro.o
 .debug_macro   0x00013444      0x476 src/ASF/sam0/drivers/wdt/wdt_callback.o
 .debug_macro   0x000138ba      0x4d5 src/ASF/sam0/drivers/sercom/spi/spi.o
 .debug_macro   0x00013d8f      0x422 src/ASF/sam0/drivers/extint/extint_callback.o
 .debug_macro   0x000141b1       0x12 src/ASF/sam0/drivers/extint/extint_callback.o
 .debug_macro   0x000141c3      0x439 src/ASF/common2/services/delay/sam0/cycle_counter.o
 .debug_macro   0x000145fc       0x2e src/ASF/common2/services/delay/sam0/cycle_counter.o
 .debug_macro   0x0001462a      0x66f src/ASF/common2/components/memory/sd_mmc/sd_mmc_spi.o
 .debug_macro   0x00014c99      0x530 src/ASF/common/services/storage/ctrl_access/ctrl_access.o
 .debug_macro   0x000151c9      0x417 src/ASF/sam0/drivers/port/port.o
 .debug_macro   0x000155e0      0x276 src/ASF/thirdparty/fatfs/fatfs-r0.09/src/ff.o
 .debug_macro   0x00015856       0x8e src/ASF/thirdparty/fatfs/fatfs-r0.09/src/ff.o
 .debug_macro   0x000158e4      0x681 src/SDI12/SDI_12.o
 .debug_macro   0x00015f65      0x656 src/ASF/common2/boards/user_board/init.o
 .debug_macro   0x000165bb      0x3fd src/ASF/common/utils/interrupt/interrupt_sam_nvic.o
 .debug_macro   0x000169b8      0x513 src/ASF/sam0/drivers/system/clock/clock_samd20/clock.o
 .debug_macro   0x00016ecb      0x434 src/ASF/sam0/drivers/system/clock/clock_samd20/gclk.o
 .debug_macro   0x000172ff      0x40f src/ASF/sam0/drivers/system/pinmux/pinmux.o
 .debug_macro   0x0001770e      0x442 src/ASF/sam0/drivers/system/system.o
 .debug_macro   0x00017b50      0x26a src/ASF/sam0/utils/cmsis/samd20/source/gcc/startup_samd20.o
 .debug_macro   0x00017dba       0x3a src/ASF/sam0/utils/cmsis/samd20/source/gcc/startup_samd20.o
 .debug_macro   0x00017df4      0x696 src/main.o

.debug_line     0x00000000    0x16095
 .debug_line    0x00000000     0x1267 src/ASF/common2/components/memory/sd_mmc/sd_mmc.o
 .debug_line    0x00001267      0xba1 src/ASF/sam0/drivers/adc/adc_sam_d_r/adc.o
 .debug_line    0x00001e08      0xb37 src/ASF/sam0/drivers/extint/extint_sam_d_r/extint.o
 .debug_line    0x0000293f      0x9ec src/ASF/sam0/drivers/tc/tc_interrupt.o
 .debug_line    0x0000332b     0x106b src/DS1302/DS1302.o
 .debug_line    0x00004396      0xd16 src/MAX31856/MAX31856.o
 .debug_line    0x000050ac      0xf9b src/SD_FileUtils/SD_FileUtils.o
 .debug_line    0x00006047      0xa53 src/ASF/sam0/drivers/rtc/rtc_sam_d_r/rtc_calendar.o
 .debug_line    0x00006a9a      0xade src/ASF/sam0/drivers/sercom/sercom.o
 .debug_line    0x00007578      0xd08 src/ASF/thirdparty/fatfs/fatfs-port-r0.09/diskio.o
 .debug_line    0x00008280      0x8aa src/ASF/thirdparty/fatfs/fatfs-port-r0.09/sam0/fattime_rtc.o
 .debug_line    0x00008b2a      0x124 src/ASF/thirdparty/fatfs/fatfs-r0.09/src/option/ccsbcs.o
 .debug_line    0x00008c4e      0xf6f src/Dendro/Dendro.o
 .debug_line    0x00009bbd      0xa3d src/ASF/sam0/drivers/wdt/wdt_callback.o
 .debug_line    0x0000a5fa     0x132d src/ASF/sam0/drivers/sercom/spi/spi.o
 .debug_line    0x0000b927      0x8e6 src/ASF/sam0/drivers/extint/extint_callback.o
 .debug_line    0x0000c20d      0x89c src/ASF/common2/services/delay/sam0/cycle_counter.o
 .debug_line    0x0000caa9     0x116d src/ASF/common2/components/memory/sd_mmc/sd_mmc_spi.o
 .debug_line    0x0000dc16      0xc5e src/ASF/common/services/storage/ctrl_access/ctrl_access.o
 .debug_line    0x0000e874      0x822 src/ASF/sam0/drivers/port/port.o
 .debug_line    0x0000f096      0xb60 src/ASF/thirdparty/fatfs/fatfs-r0.09/src/ff.o
 .debug_line    0x0000fbf6     0x1071 src/SDI12/SDI_12.o
 .debug_line    0x00010c67      0xebc src/ASF/common2/boards/user_board/init.o
 .debug_line    0x00011b23      0x7f6 src/ASF/common/utils/interrupt/interrupt_sam_nvic.o
 .debug_line    0x00012319      0xb17 src/ASF/sam0/drivers/system/clock/clock_samd20/clock.o
 .debug_line    0x00012e30      0xb8c src/ASF/sam0/drivers/system/clock/clock_samd20/gclk.o
 .debug_line    0x000139bc      0x840 src/ASF/sam0/drivers/system/pinmux/pinmux.o
 .debug_line    0x000141fc      0x90a src/ASF/sam0/drivers/system/system.o
 .debug_line    0x00014b06      0x5f0 src/ASF/sam0/utils/cmsis/samd20/source/gcc/startup_samd20.o
 .debug_line    0x000150f6      0xf9f src/main.o

.debug_str      0x00000000    0x67f62
 .debug_str     0x00000000    0x5fc9e src/ASF/common2/components/memory/sd_mmc/sd_mmc.o
                              0x601ed (size before relaxing)
 .debug_str     0x0005fc9e     0x17b5 src/ASF/sam0/drivers/adc/adc_sam_d_r/adc.o
                              0x575b2 (size before relaxing)
 .debug_str     0x00061453      0xb60 src/ASF/sam0/drivers/extint/extint_sam_d_r/extint.o
                              0x57144 (size before relaxing)
 .debug_str     0x00061fb3      0x35e src/ASF/sam0/drivers/tc/tc_interrupt.o
                              0x567e5 (size before relaxing)
 .debug_str     0x00062311      0x356 src/DS1302/DS1302.o
                              0x5b0e4 (size before relaxing)
 .debug_str     0x00062667      0xc83 src/MAX31856/MAX31856.o
                              0x588f5 (size before relaxing)
 .debug_str     0x000632ea      0x264 src/SD_FileUtils/SD_FileUtils.o
                              0x5adeb (size before relaxing)
 .debug_str     0x0006354e      0x7f6 src/ASF/sam0/drivers/rtc/rtc_sam_d_r/rtc_calendar.o
                              0x5772c (size before relaxing)
 .debug_str     0x00063d44      0x3ba src/ASF/sam0/drivers/sercom/sercom.o
                              0x56f55 (size before relaxing)
 .debug_str     0x000640fe      0x268 src/ASF/thirdparty/fatfs/fatfs-port-r0.09/diskio.o
                              0x5a7e8 (size before relaxing)
 .debug_str     0x00064366       0x61 src/ASF/thirdparty/fatfs/fatfs-port-r0.09/sam0/fattime_rtc.o
                              0x56ce5 (size before relaxing)
 .debug_str     0x000643c7       0x7c src/ASF/thirdparty/fatfs/fatfs-r0.09/src/option/ccsbcs.o
                               0x2a04 (size before relaxing)
 .debug_str     0x00064443       0xee src/Dendro/Dendro.o
                              0x5bd7c (size before relaxing)
 .debug_str     0x00064531      0x19f src/ASF/sam0/drivers/wdt/wdt_callback.o
                              0x565fe (size before relaxing)
 .debug_str     0x000646d0      0x56f src/ASF/sam0/drivers/sercom/spi/spi.o
                              0x58be6 (size before relaxing)
 .debug_str     0x00064c3f      0x131 src/ASF/sam0/drivers/extint/extint_callback.o
                              0x5628d (size before relaxing)
 .debug_str     0x00064d70       0x42 src/ASF/common2/services/delay/sam0/cycle_counter.o
                              0x55ce6 (size before relaxing)
 .debug_str     0x00064db2      0x351 src/ASF/common2/components/memory/sd_mmc/sd_mmc_spi.o
                              0x609be (size before relaxing)
 .debug_str     0x00065103       0xfe src/ASF/common/services/storage/ctrl_access/ctrl_access.o
                              0x58e4f (size before relaxing)
 .debug_str     0x00065201       0x4e src/ASF/sam0/drivers/port/port.o
                              0x55e56 (size before relaxing)
 .debug_str     0x0006524f      0xae7 src/ASF/thirdparty/fatfs/fatfs-r0.09/src/ff.o
                               0x385f (size before relaxing)
 .debug_str     0x00065d36      0x2df src/SDI12/SDI_12.o
                              0x5b1a2 (size before relaxing)
 .debug_str     0x00066015       0x3e src/ASF/common2/boards/user_board/init.o
                              0x5ab4b (size before relaxing)
 .debug_str     0x00066053       0x94 src/ASF/common/utils/interrupt/interrupt_sam_nvic.o
                              0x55a8c (size before relaxing)
 .debug_str     0x000660e7     0x167a src/ASF/sam0/drivers/system/clock/clock_samd20/clock.o
                              0x58c1f (size before relaxing)
 .debug_str     0x00067761      0x276 src/ASF/sam0/drivers/system/clock/clock_samd20/gclk.o
                              0x56676 (size before relaxing)
 .debug_str     0x000679d7      0x130 src/ASF/sam0/drivers/system/pinmux/pinmux.o
                              0x55e83 (size before relaxing)
 .debug_str     0x00067b07       0x47 src/ASF/sam0/drivers/system/system.o
                              0x55af6 (size before relaxing)
 .debug_str     0x00067b4e      0x36a src/ASF/sam0/utils/cmsis/samd20/source/gcc/startup_samd20.o
                              0x4295f (size before relaxing)
 .debug_str     0x00067eb8       0xaa src/main.o
                              0x5baff (size before relaxing)

.debug_frame    0x00000000     0x1bb4
 .debug_frame   0x00000000      0x1d8 src/ASF/common2/components/memory/sd_mmc/sd_mmc.o
 .debug_frame   0x000001d8       0x98 src/ASF/sam0/drivers/adc/adc_sam_d_r/adc.o
 .debug_frame   0x00000270       0xb8 src/ASF/sam0/drivers/extint/extint_sam_d_r/extint.o
 .debug_frame   0x00000328      0x10c src/ASF/sam0/drivers/tc/tc_interrupt.o
 .debug_frame   0x00000434       0xb0 src/DS1302/DS1302.o
 .debug_frame   0x000004e4       0xd8 src/MAX31856/MAX31856.o
 .debug_frame   0x000005bc       0x70 src/SD_FileUtils/SD_FileUtils.o
 .debug_frame   0x0000062c      0x130 src/ASF/sam0/drivers/rtc/rtc_sam_d_r/rtc_calendar.o
 .debug_frame   0x0000075c       0xa0 src/ASF/sam0/drivers/sercom/sercom.o
 .debug_frame   0x000007fc       0x80 src/ASF/thirdparty/fatfs/fatfs-port-r0.09/diskio.o
 .debug_frame   0x0000087c       0x28 src/ASF/thirdparty/fatfs/fatfs-port-r0.09/sam0/fattime_rtc.o
 .debug_frame   0x000008a4       0x30 src/ASF/thirdparty/fatfs/fatfs-r0.09/src/option/ccsbcs.o
 .debug_frame   0x000008d4       0x48 src/Dendro/Dendro.o
 .debug_frame   0x0000091c       0x68 src/ASF/sam0/drivers/wdt/wdt_callback.o
 .debug_frame   0x00000984      0x120 src/ASF/sam0/drivers/sercom/spi/spi.o
 .debug_frame   0x00000aa4       0x7c src/ASF/sam0/drivers/extint/extint_callback.o
 .debug_frame   0x00000b20       0x30 src/ASF/common2/services/delay/sam0/cycle_counter.o
 .debug_frame   0x00000b50      0x230 src/ASF/common2/components/memory/sd_mmc/sd_mmc_spi.o
 .debug_frame   0x00000d80       0xa0 src/ASF/common/services/storage/ctrl_access/ctrl_access.o
 .debug_frame   0x00000e20       0x44 src/ASF/sam0/drivers/port/port.o
 .debug_frame   0x00000e64      0x4f8 src/ASF/thirdparty/fatfs/fatfs-r0.09/src/ff.o
 .debug_frame   0x0000135c       0xe8 src/SDI12/SDI_12.o
 .debug_frame   0x00001444       0x20 src/ASF/common2/boards/user_board/init.o
 .debug_frame   0x00001464       0x30 src/ASF/common/utils/interrupt/interrupt_sam_nvic.o
 .debug_frame   0x00001494      0x130 src/ASF/sam0/drivers/system/clock/clock_samd20/clock.o
 .debug_frame   0x000015c4      0x14c src/ASF/sam0/drivers/system/clock/clock_samd20/gclk.o
 .debug_frame   0x00001710       0x7c src/ASF/sam0/drivers/system/pinmux/pinmux.o
 .debug_frame   0x0000178c       0x38 src/ASF/sam0/drivers/system/system.o
 .debug_frame   0x000017c4       0x38 src/ASF/sam0/utils/cmsis/samd20/source/gcc/startup_samd20.o
 .debug_frame   0x000017fc       0x78 src/main.o
 .debug_frame   0x00001874       0x20 c:/program files (x86)/atmel/atmel toolchain/arm gcc/native/4.8.1443/arm-gnu-toolchain/bin/../lib/gcc/arm-none-eabi/4.8.4/armv6-m\libgcc.a(_udivsi3.o)
 .debug_frame   0x00001894       0x20 c:/program files (x86)/atmel/atmel toolchain/arm gcc/native/4.8.1443/arm-gnu-toolchain/bin/../lib/gcc/arm-none-eabi/4.8.4/armv6-m\libgcc.a(_divsi3.o)
 .debug_frame   0x000018b4       0x30 c:/program files (x86)/atmel/atmel toolchain/arm gcc/native/4.8.1443/arm-gnu-toolchain/bin/../lib/gcc/arm-none-eabi/4.8.4/armv6-m\libgcc.a(_muldi3.o)
 .debug_frame   0x000018e4       0x50 c:/program files (x86)/atmel/atmel toolchain/arm gcc/native/4.8.1443/arm-gnu-toolchain/bin/../lib/gcc/arm-none-eabi/4.8.4/armv6-m\libgcc.a(bpabi.o)
 .debug_frame   0x00001934       0x3c c:/program files (x86)/atmel/atmel toolchain/arm gcc/native/4.8.1443/arm-gnu-toolchain/bin/../lib/gcc/arm-none-eabi/4.8.4/armv6-m\libgcc.a(_divdi3.o)
 .debug_frame   0x00001970       0x3c c:/program files (x86)/atmel/atmel toolchain/arm gcc/native/4.8.1443/arm-gnu-toolchain/bin/../lib/gcc/arm-none-eabi/4.8.4/armv6-m\libgcc.a(_udivdi3.o)
 .debug_frame   0x000019ac       0x2c c:/program files (x86)/atmel/atmel toolchain/arm gcc/native/4.8.1443/arm-gnu-toolchain/bin/../lib/gcc/arm-none-eabi/4.8.4/../../../../arm-none-eabi/lib/armv6-m\libc_s.a(lib_a-init.o)
 .debug_frame   0x000019d8       0x28 c:/program files (x86)/atmel/atmel toolchain/arm gcc/native/4.8.1443/arm-gnu-toolchain/bin/../lib/gcc/arm-none-eabi/4.8.4/../../../../arm-none-eabi/lib/armv6-m\libc_s.a(lib_a-memcpy-stub.o)
 .debug_frame   0x00001a00       0x20 c:/program files (x86)/atmel/atmel toolchain/arm gcc/native/4.8.1443/arm-gnu-toolchain/bin/../lib/gcc/arm-none-eabi/4.8.4/../../../../arm-none-eabi/lib/armv6-m\libc_s.a(lib_a-memset.o)
 .debug_frame   0x00001a20       0x4c c:/program files (x86)/atmel/atmel toolchain/arm gcc/native/4.8.1443/arm-gnu-toolchain/bin/../lib/gcc/arm-none-eabi/4.8.4/../../../../arm-none-eabi/lib/armv6-m\libc_s.a(lib_a-strtol.o)
 .debug_frame   0x00001a6c      0x148 c:/program files (x86)/atmel/atmel toolchain/arm gcc/native/4.8.1443/arm-gnu-toolchain/bin/../lib/gcc/arm-none-eabi/4.8.4/../../../../arm-none-eabi/lib/armv6-m\libc_s.a(lib_a-findfp.o)

Cross Reference Table

Symbol                                            File
AC_Handler                                        src/ASF/sam0/utils/cmsis/samd20/source/gcc/startup_samd20.o
ADC_Handler                                       src/ASF/sam0/utils/cmsis/samd20/source/gcc/startup_samd20.o
ConfigureDendroADC                                src/Dendro/Dendro.o
                                                  src/main.o
DAC_Handler                                       src/ASF/sam0/utils/cmsis/samd20/source/gcc/startup_samd20.o
DS1302Init                                        src/DS1302/DS1302.o
                                                  src/main.o
Dht22Setup                                        src/DHT22/DHT22.o
Ds1302GetDateTime                                 src/DS1302/DS1302.o
Ds1302SetDateTime                                 src/DS1302/DS1302.o
                                                  src/SD_FileUtils/SD_FileUtils.o
Dummy_Handler                                     src/ASF/sam0/utils/cmsis/samd20/source/gcc/startup_samd20.o
EIC_Handler                                       src/ASF/sam0/drivers/extint/extint_callback.o
EVSYS_Handler                                     src/ASF/sam0/utils/cmsis/samd20/source/gcc/startup_samd20.o
GetDht22Reading                                   src/DHT22/DHT22.o
HardFault_Handler                                 src/ASF/sam0/utils/cmsis/samd20/source/gcc/startup_samd20.o
MAX31856_VOLATILE_REGISTERS_TEST                  src/main.o
Max31856CheckWrittenRegister                      src/MAX31856/MAX31856.o
Max31856ConfigureRegisters                        src/MAX31856/MAX31856.o
                                                  src/main.o
Max31856ConfigureSPI                              src/MAX31856/MAX31856.o
                                                  src/main.o
Max31856GetTemp                                   src/MAX31856/MAX31856.o
Max31856RequestReading                            src/MAX31856/MAX31856.o
NMI_Handler                                       src/ASF/sam0/utils/cmsis/samd20/source/gcc/startup_samd20.o
NVMCTRL_Handler                                   src/ASF/sam0/utils/cmsis/samd20/source/gcc/startup_samd20.o
PM_Handler                                        src/ASF/sam0/utils/cmsis/samd20/source/gcc/startup_samd20.o
PTC_Handler                                       src/ASF/sam0/utils/cmsis/samd20/source/gcc/startup_samd20.o
PendSV_Handler                                    src/ASF/sam0/utils/cmsis/samd20/source/gcc/startup_samd20.o
RTC_Handler                                       src/ASF/sam0/utils/cmsis/samd20/source/gcc/startup_samd20.o
ReadDendro                                        src/Dendro/Dendro.o
Reset_Handler                                     src/ASF/sam0/utils/cmsis/samd20/source/gcc/startup_samd20.o
SDI12_GetSensedValues                             src/SDI12/SDI_12.o
SDI12_GetTimeFromResponse                         src/SDI12/SDI_12.o
SDI12_PerformTransaction                          src/SDI12/SDI_12.o
SDI12_RequestSensorReading                        src/SDI12/SDI_12.o
SDI12_Setup                                       src/SDI12/SDI_12.o
                                                  src/main.o
SDI12_TIME_FORMAT_UNIT_TEST                       src/SDI12/SDI_12.o
SERCOM0_Handler                                   src/ASF/sam0/utils/cmsis/samd20/source/gcc/startup_samd20.o
SERCOM1_Handler                                   src/ASF/sam0/utils/cmsis/samd20/source/gcc/startup_samd20.o
SERCOM2_Handler                                   src/ASF/sam0/utils/cmsis/samd20/source/gcc/startup_samd20.o
SERCOM3_Handler                                   src/ASF/sam0/utils/cmsis/samd20/source/gcc/startup_samd20.o
SERCOM4_Handler                                   src/ASF/sam0/utils/cmsis/samd20/source/gcc/startup_samd20.o
SERCOM5_Handler                                   src/ASF/sam0/utils/cmsis/samd20/source/gcc/startup_samd20.o
SVC_Handler                                       src/ASF/sam0/utils/cmsis/samd20/source/gcc/startup_samd20.o
SYSCTRL_Handler                                   src/ASF/sam0/utils/cmsis/samd20/source/gcc/startup_samd20.o
SdCardInit                                        src/SD_FileUtils/SD_FileUtils.o
                                                  src/main.o
SysTick_Handler                                   src/ASF/sam0/utils/cmsis/samd20/source/gcc/startup_samd20.o
SystemCoreClock                                   src/ASF/sam0/utils/cmsis/samd20/source/system_samd20.o
SystemCoreClockUpdate                             src/ASF/sam0/utils/cmsis/samd20/source/system_samd20.o
SystemInit                                        src/ASF/sam0/utils/cmsis/samd20/source/system_samd20.o
TC0_Handler                                       src/ASF/sam0/drivers/tc/tc_interrupt.o
TC1_Handler                                       src/ASF/sam0/drivers/tc/tc_interrupt.o
TC2_Handler                                       src/ASF/sam0/drivers/tc/tc_interrupt.o
TC3_Handler                                       src/ASF/sam0/drivers/tc/tc_interrupt.o
TC4_Handler                                       src/ASF/sam0/drivers/tc/tc_interrupt.o
TC5_Handler                                       src/ASF/sam0/drivers/tc/tc_interrupt.o
TC6_Handler                                       src/ASF/sam0/drivers/tc/tc_interrupt.o
TC7_Handler                                       src/ASF/sam0/drivers/tc/tc_interrupt.o
WDT_Handler                                       src/ASF/sam0/drivers/wdt/wdt_callback.o
_Balloc                                           c:/program files (x86)/atmel/atmel toolchain/arm gcc/native/4.8.1443/arm-gnu-toolchain/bin/../lib/gcc/arm-none-eabi/4.8.4/../../../../arm-none-eabi/lib/armv6-m\libc_s.a(lib_a-mprec.o)
                                                  c:/program files (x86)/atmel/atmel toolchain/arm gcc/native/4.8.1443/arm-gnu-toolchain/bin/../lib/gcc/arm-none-eabi/4.8.4/../../../../arm-none-eabi/lib/armv6-m\libc_s.a(lib_a-gdtoa-gethex.o)
                                                  c:/program files (x86)/atmel/atmel toolchain/arm gcc/native/4.8.1443/arm-gnu-toolchain/bin/../lib/gcc/arm-none-eabi/4.8.4/../../../../arm-none-eabi/lib/armv6-m\libc_s.a(lib_a-strtod.o)
_Bfree                                            c:/program files (x86)/atmel/atmel toolchain/arm gcc/native/4.8.1443/arm-gnu-toolchain/bin/../lib/gcc/arm-none-eabi/4.8.4/../../../../arm-none-eabi/lib/armv6-m\libc_s.a(lib_a-mprec.o)
                                                  c:/program files (x86)/atmel/atmel toolchain/arm gcc/native/4.8.1443/arm-gnu-toolchain/bin/../lib/gcc/arm-none-eabi/4.8.4/../../../../arm-none-eabi/lib/armv6-m\libc_s.a(lib_a-gdtoa-gethex.o)
                                                  c:/program files (x86)/atmel/atmel toolchain/arm gcc/native/4.8.1443/arm-gnu-toolchain/bin/../lib/gcc/arm-none-eabi/4.8.4/../../../../arm-none-eabi/lib/armv6-m\libc_s.a(lib_a-strtod.o)
_Jv_RegisterClasses                               c:/program files (x86)/atmel/atmel toolchain/arm gcc/native/4.8.1443/arm-gnu-toolchain/bin/../lib/gcc/arm-none-eabi/4.8.4/armv6-m/crtbegin.o
_PathLocale                                       c:/program files (x86)/atmel/atmel toolchain/arm gcc/native/4.8.1443/arm-gnu-toolchain/bin/../lib/gcc/arm-none-eabi/4.8.4/../../../../arm-none-eabi/lib/armv6-m\libc_s.a(lib_a-locale.o)
__aeabi_cdcmpeq                                   c:/program files (x86)/atmel/atmel toolchain/arm gcc/native/4.8.1443/arm-gnu-toolchain/bin/../lib/gcc/arm-none-eabi/4.8.4/armv6-m\libgcc.a(_arm_cmpdf2.o)
__aeabi_cdcmple                                   c:/program files (x86)/atmel/atmel toolchain/arm gcc/native/4.8.1443/arm-gnu-toolchain/bin/../lib/gcc/arm-none-eabi/4.8.4/armv6-m\libgcc.a(_arm_cmpdf2.o)
__aeabi_cdrcmple                                  c:/program files (x86)/atmel/atmel toolchain/arm gcc/native/4.8.1443/arm-gnu-toolchain/bin/../lib/gcc/arm-none-eabi/4.8.4/armv6-m\libgcc.a(_arm_cmpdf2.o)
__aeabi_d2f                                       c:/program files (x86)/atmel/atmel toolchain/arm gcc/native/4.8.1443/arm-gnu-toolchain/bin/../lib/gcc/arm-none-eabi/4.8.4/armv6-m\libgcc.a(truncdfsf2.o)
                                                  c:/program files (x86)/atmel/atmel toolchain/arm gcc/native/4.8.1443/arm-gnu-toolchain/bin/../lib/gcc/arm-none-eabi/4.8.4/../../../../arm-none-eabi/lib/armv6-m\libc_s.a(lib_a-strtod.o)
__aeabi_d2iz                                      c:/program files (x86)/atmel/atmel toolchain/arm gcc/native/4.8.1443/arm-gnu-toolchain/bin/../lib/gcc/arm-none-eabi/4.8.4/armv6-m\libgcc.a(fixdfsi.o)
                                                  c:/program files (x86)/atmel/atmel toolchain/arm gcc/native/4.8.1443/arm-gnu-toolchain/bin/../lib/gcc/arm-none-eabi/4.8.4/armv6-m\libgcc.a(_fixunsdfsi.o)
                                                  c:/program files (x86)/atmel/atmel toolchain/arm gcc/native/4.8.1443/arm-gnu-toolchain/bin/../lib/gcc/arm-none-eabi/4.8.4/../../../../arm-none-eabi/lib/armv6-m\libc_s.a(lib_a-strtod.o)
__aeabi_d2uiz                                     c:/program files (x86)/atmel/atmel toolchain/arm gcc/native/4.8.1443/arm-gnu-toolchain/bin/../lib/gcc/arm-none-eabi/4.8.4/armv6-m\libgcc.a(_fixunsdfsi.o)